###############################################################################
#
# IAR ELF Linker V8.40.1.212/W32 for ARM                  06/Feb/2021  14:57:32
# Copyright 2007-2019 IAR Systems AB.
#
#    Output file  =
#        C:\Users\dev\Documents\STM_projecti\firsttest\EWARM\workfinale\Exe\workfinale.out
#    Map file     =
#        C:\Users\dev\Documents\STM_projecti\firsttest\EWARM\workfinale\List\workfinale.map
#    Command line =
#        -f C:\Users\75BD~1\AppData\Local\Temp\EWF434.tmp
#        (C:\Users\dev\Documents\STM_projecti\firsttest\EWARM\workfinale\Obj\adc.o
#        C:\Users\dev\Documents\STM_projecti\firsttest\EWARM\workfinale\Obj\gpio.o
#        C:\Users\dev\Documents\STM_projecti\firsttest\EWARM\workfinale\Obj\main.o
#        C:\Users\dev\Documents\STM_projecti\firsttest\EWARM\workfinale\Obj\startup_stm32l412xx.o
#        C:\Users\dev\Documents\STM_projecti\firsttest\EWARM\workfinale\Obj\stm32l4xx_it.o
#        C:\Users\dev\Documents\STM_projecti\firsttest\EWARM\workfinale\Obj\stm32l4xx_ll_adc.o
#        C:\Users\dev\Documents\STM_projecti\firsttest\EWARM\workfinale\Obj\stm32l4xx_ll_dma.o
#        C:\Users\dev\Documents\STM_projecti\firsttest\EWARM\workfinale\Obj\stm32l4xx_ll_exti.o
#        C:\Users\dev\Documents\STM_projecti\firsttest\EWARM\workfinale\Obj\stm32l4xx_ll_gpio.o
#        C:\Users\dev\Documents\STM_projecti\firsttest\EWARM\workfinale\Obj\stm32l4xx_ll_pwr.o
#        C:\Users\dev\Documents\STM_projecti\firsttest\EWARM\workfinale\Obj\stm32l4xx_ll_rcc.o
#        C:\Users\dev\Documents\STM_projecti\firsttest\EWARM\workfinale\Obj\stm32l4xx_ll_usart.o
#        C:\Users\dev\Documents\STM_projecti\firsttest\EWARM\workfinale\Obj\stm32l4xx_ll_utils.o
#        C:\Users\dev\Documents\STM_projecti\firsttest\EWARM\workfinale\Obj\system_stm32l4xx.o
#        C:\Users\dev\Documents\STM_projecti\firsttest\EWARM\workfinale\Obj\usart.o
#        --redirect _Printf=_PrintfFull --redirect _Scanf=_ScanfFull
#        --no_out_extension -o
#        C:\Users\dev\Documents\STM_projecti\firsttest\EWARM\workfinale\Exe\workfinale.out
#        --map
#        C:\Users\dev\Documents\STM_projecti\firsttest\EWARM\workfinale\List\workfinale.map
#        --config
#        C:\Users\dev\Documents\STM_projecti\firsttest\EWARM/stm32l412xx_flash.icf
#        --semihosting --entry __iar_program_start --vfe --text_out locale)
#
###############################################################################

*******************************************************************************
*** RUNTIME MODEL ATTRIBUTES
***

CppFlavor       = *
__SystemLibrary = DLib
__dlib_version  = 6


*******************************************************************************
*** HEAP SELECTION
***

The basic heap was selected because no calls to memory allocation
functions were found in the application outside of system library
functions, and there are calls to deallocation functions in the
application.


*******************************************************************************
*** PLACEMENT SUMMARY
***

"A0":  place at address 0x800'0000 { ro section .intvec };
"P1":  place in [from 0x800'0000 to 0x801'ffff] { ro };
define block CSTACK with size = 1K, alignment = 8 { };
define block HEAP with size = 512, alignment = 8 { };
"P2":  place in [from 0x2000'0000 to 0x2000'9fff] {
          rw, block CSTACK, block HEAP };
initialize by copy { rw };

  Section            Kind         Address   Size  Object
  -------            ----         -------   ----  ------
"A0":                                      0x18c
  .intvec            ro code   0x800'0000  0x18c  startup_stm32l412xx.o [1]
                             - 0x800'018c  0x18c

"P1":                                      0xddc
  .text              ro code   0x800'018c  0x290  adc.o [1]
  .text              ro code   0x800'041c   0x14  memset.o [3]
  .text              ro code   0x800'0430   0xc4  stm32l4xx_ll_adc.o [1]
  .text              ro code   0x800'04f4   0x66  ABImemset.o [3]
  .text              ro code   0x800'055a   0x2e  copy_init3.o [3]
  .text              ro code   0x800'0588  0x1e4  stm32l4xx_ll_rcc.o [1]
  .text              ro code   0x800'076c  0x13c  main.o [1]
  .text              ro code   0x800'08a8   0xe8  gpio.o [1]
  .text              ro code   0x800'0990   0xa4  usart.o [1]
  .text              ro code   0x800'0a34   0x28  stm32l4xx_ll_utils.o [1]
  .text              ro code   0x800'0a5c  0x13c  stm32l4xx_ll_exti.o [1]
  .text              ro code   0x800'0b98   0xfa  stm32l4xx_ll_gpio.o [1]
  .text              ro code   0x800'0c92   0x12  stm32l4xx_it.o [1]
  .text              ro code   0x800'0ca4   0xb0  stm32l4xx_ll_usart.o [1]
  .text              ro code   0x800'0d54   0x50  system_stm32l4xx.o [1]
  .rodata            const     0x800'0da4   0x30  system_stm32l4xx.o [1]
  .text              ro code   0x800'0dd4   0x28  data_init.o [3]
  .iar.init_table    const     0x800'0dfc   0x14  - Linker created -
  .text              ro code   0x800'0e10   0x1e  cmain.o [3]
  .text              ro code   0x800'0e2e    0x4  low_level_init.o [2]
  .text              ro code   0x800'0e32    0x4  exit.o [2]
  .text              ro code   0x800'0e38    0xa  cexit.o [3]
  .text              ro code   0x800'0e44   0x14  exit.o [4]
  .text              ro code   0x800'0e58   0x10  startup_stm32l412xx.o [1]
  .text              ro code   0x800'0e68    0xc  cstartup_M.o [3]
  Initializer bytes  const     0x800'0e74    0xc  <for P2-1>
  .rodata            const     0x800'0e80    0x8  system_stm32l4xx.o [1]
  .text              ro code   0x800'0e88    0x4  startup_stm32l412xx.o [1]
  .text              ro code   0x800'0e8c    0x4  startup_stm32l412xx.o [1]
  .text              ro code   0x800'0e90    0x4  startup_stm32l412xx.o [1]
  .text              ro code   0x800'0e94    0x4  startup_stm32l412xx.o [1]
  .text              ro code   0x800'0e98    0x4  startup_stm32l412xx.o [1]
  .text              ro code   0x800'0e9c    0x4  startup_stm32l412xx.o [1]
  .text              ro code   0x800'0ea0    0x4  startup_stm32l412xx.o [1]
  .text              ro code   0x800'0ea4    0x4  startup_stm32l412xx.o [1]
  .text              ro code   0x800'0ea8    0x4  startup_stm32l412xx.o [1]
  .text              ro code   0x800'0eac    0x4  startup_stm32l412xx.o [1]
  .text              ro code   0x800'0eb0    0x4  startup_stm32l412xx.o [1]
  .text              ro code   0x800'0eb4    0x4  startup_stm32l412xx.o [1]
  .text              ro code   0x800'0eb8    0x4  startup_stm32l412xx.o [1]
  .text              ro code   0x800'0ebc    0x4  startup_stm32l412xx.o [1]
  .text              ro code   0x800'0ec0    0x4  startup_stm32l412xx.o [1]
  .text              ro code   0x800'0ec4    0x4  startup_stm32l412xx.o [1]
  .text              ro code   0x800'0ec8    0x4  startup_stm32l412xx.o [1]
  .text              ro code   0x800'0ecc    0x4  startup_stm32l412xx.o [1]
  .text              ro code   0x800'0ed0    0x4  startup_stm32l412xx.o [1]
  .text              ro code   0x800'0ed4    0x4  startup_stm32l412xx.o [1]
  .text              ro code   0x800'0ed8    0x4  startup_stm32l412xx.o [1]
  .text              ro code   0x800'0edc    0x4  startup_stm32l412xx.o [1]
  .text              ro code   0x800'0ee0    0x4  startup_stm32l412xx.o [1]
  .text              ro code   0x800'0ee4    0x4  startup_stm32l412xx.o [1]
  .text              ro code   0x800'0ee8    0x4  startup_stm32l412xx.o [1]
  .text              ro code   0x800'0eec    0x4  startup_stm32l412xx.o [1]
  .text              ro code   0x800'0ef0    0x4  startup_stm32l412xx.o [1]
  .text              ro code   0x800'0ef4    0x4  startup_stm32l412xx.o [1]
  .text              ro code   0x800'0ef8    0x4  startup_stm32l412xx.o [1]
  .text              ro code   0x800'0efc    0x4  startup_stm32l412xx.o [1]
  .text              ro code   0x800'0f00    0x4  startup_stm32l412xx.o [1]
  .text              ro code   0x800'0f04    0x4  startup_stm32l412xx.o [1]
  .text              ro code   0x800'0f08    0x4  startup_stm32l412xx.o [1]
  .text              ro code   0x800'0f0c    0x4  startup_stm32l412xx.o [1]
  .text              ro code   0x800'0f10    0x4  startup_stm32l412xx.o [1]
  .text              ro code   0x800'0f14    0x4  startup_stm32l412xx.o [1]
  .text              ro code   0x800'0f18    0x4  startup_stm32l412xx.o [1]
  .text              ro code   0x800'0f1c    0x4  startup_stm32l412xx.o [1]
  .text              ro code   0x800'0f20    0x4  startup_stm32l412xx.o [1]
  .text              ro code   0x800'0f24    0x4  startup_stm32l412xx.o [1]
  .text              ro code   0x800'0f28    0x4  startup_stm32l412xx.o [1]
  .text              ro code   0x800'0f2c    0x4  startup_stm32l412xx.o [1]
  .text              ro code   0x800'0f30    0x4  startup_stm32l412xx.o [1]
  .text              ro code   0x800'0f34    0x4  startup_stm32l412xx.o [1]
  .text              ro code   0x800'0f38    0x4  startup_stm32l412xx.o [1]
  .text              ro code   0x800'0f3c    0x4  startup_stm32l412xx.o [1]
  .text              ro code   0x800'0f40    0x4  startup_stm32l412xx.o [1]
  .text              ro code   0x800'0f44    0x4  startup_stm32l412xx.o [1]
  .text              ro code   0x800'0f48    0x4  startup_stm32l412xx.o [1]
  .text              ro code   0x800'0f4c    0x4  startup_stm32l412xx.o [1]
  .text              ro code   0x800'0f50    0x4  startup_stm32l412xx.o [1]
  .text              ro code   0x800'0f54    0x4  startup_stm32l412xx.o [1]
  .text              ro code   0x800'0f58    0x4  startup_stm32l412xx.o [1]
  .text              ro code   0x800'0f5c    0x4  startup_stm32l412xx.o [1]
  .text              ro code   0x800'0f60    0x4  startup_stm32l412xx.o [1]
  .text              ro code   0x800'0f64    0x4  startup_stm32l412xx.o [1]
  .rodata            const     0x800'0f68    0x0  copy_init3.o [3]
                             - 0x800'0f68  0xddc

"P2", part 1 of 2:                           0xc
  P2-1                        0x2000'0000    0xc  <Init block>
    .data            inited   0x2000'0000    0x4  system_stm32l4xx.o [1]
    .bss             inited   0x2000'0004    0x8  main.o [1]
                            - 0x2000'000c    0xc

"P2", part 2 of 2:                         0x400
  CSTACK                      0x2000'0010  0x400  <Block>
    CSTACK           uninit   0x2000'0010  0x400  <Block tail>
                            - 0x2000'0410  0x400

Unused ranges:

         From           To      Size
         ----           --      ----
   0x800'0f68   0x801'ffff  0x1'f098
  0x2000'000c  0x2000'000f       0x4
  0x2000'0410  0x2000'9fff    0x9bf0


*******************************************************************************
*** INIT TABLE
***

          Address      Size
          -------      ----
Copy (__iar_copy_init3)
    1 source range, total size 0xc:
           0x800'0e74   0xc
    1 destination range, total size 0xc:
          0x2000'0000   0xc



*******************************************************************************
*** MODULE SUMMARY
***

    Module                 ro code  ro data  rw data
    ------                 -------  -------  -------
command line/config:
    ------------------------------------------------
    Total:

C:\Users\dev\Documents\STM_projecti\firsttest\EWARM\workfinale\Obj: [1]
    adc.o                      656
    gpio.o                     232
    main.o                     316        8        8
    startup_stm32l412xx.o      636
    stm32l4xx_it.o              18
    stm32l4xx_ll_adc.o         196
    stm32l4xx_ll_exti.o        316
    stm32l4xx_ll_gpio.o        250
    stm32l4xx_ll_rcc.o         484
    stm32l4xx_ll_usart.o       176
    stm32l4xx_ll_utils.o        40
    system_stm32l4xx.o          80       60        4
    usart.o                    164
    ------------------------------------------------
    Total:                   3'564       68       12

dl7M_tln.a: [2]
    exit.o                       4
    low_level_init.o             4
    ------------------------------------------------
    Total:                       8

rt7M_tl.a: [3]
    ABImemset.o                102
    cexit.o                     10
    cmain.o                     30
    copy_init3.o                46
    cstartup_M.o                12
    data_init.o                 40
    memset.o                    20
    ------------------------------------------------
    Total:                     260

shb_l.a: [4]
    exit.o                      20
    ------------------------------------------------
    Total:                      20

    Gaps                         4
    Linker created                       20    1'024
----------------------------------------------------
    Grand Total:             3'856       88    1'036


*******************************************************************************
*** ENTRY LIST
***

Entry                       Address   Size  Type      Object
-----                       -------   ----  ----      ------
.iar.init_table$$Base    0x800'0dfc          --   Gb  - Linker created -
.iar.init_table$$Limit   0x800'0e10          --   Gb  - Linker created -
?main                    0x800'0e11         Code  Gb  cmain.o [3]
AHBPrescTable            0x800'0d94   0x10  Data  Gb  system_stm32l4xx.o [1]
APBPrescTable            0x800'0e80    0x8  Data  Gb  system_stm32l4xx.o [1]
BusFault_Handler         0x800'0c99    0x2  Code  Gb  stm32l4xx_it.o [1]
CSTACK$$Base            0x2000'0010          --   Gb  - Linker created -
CSTACK$$Limit           0x2000'0410          --   Gb  - Linker created -
DebugMon_Handler         0x800'0c9f    0x2  Code  Gb  stm32l4xx_it.o [1]
HardFault_Handler        0x800'0c95    0x2  Code  Gb  stm32l4xx_it.o [1]
LL_ADC_CommonInit        0x800'0431   0x3e  Code  Gb  stm32l4xx_ll_adc.o [1]
LL_ADC_Init              0x800'046f   0x26  Code  Gb  stm32l4xx_ll_adc.o [1]
LL_ADC_REG_Init          0x800'0495   0x4c  Code  Gb  stm32l4xx_ll_adc.o [1]
LL_ADC_REG_SetSequencerRanks
                         0x800'018d   0x26  Code  Lc  adc.o [1]
LL_ADC_SetChannelSamplingTime
                         0x800'01b3   0x24  Code  Lc  adc.o [1]
LL_ADC_SetChannelSingleDiff
                         0x800'01d7   0x1e  Code  Lc  adc.o [1]
LL_AHB2_GRP1_EnableClock
                         0x800'08a9   0x16  Code  Lc  gpio.o [1]
LL_EXTI_Init             0x800'0a5d  0x134  Code  Gb  stm32l4xx_ll_exti.o [1]
LL_GPIO_Init             0x800'0b99   0xb6  Code  Gb  stm32l4xx_ll_gpio.o [1]
LL_Init1msTick           0x800'0a35   0x18  Code  Gb  stm32l4xx_ll_utils.o [1]
LL_RCC_GetUSARTClockFreq
                         0x800'0589   0xb6  Code  Gb  stm32l4xx_ll_rcc.o [1]
LL_SetSystemCoreClock    0x800'0a4d    0x6  Code  Gb  stm32l4xx_ll_utils.o [1]
LL_USART_Init            0x800'0ca5   0x9c  Code  Gb  stm32l4xx_ll_usart.o [1]
MSIRangeTable            0x800'0da4   0x30  Data  Gb  system_stm32l4xx.o [1]
MX_ADC1_Init             0x800'01f5    0x2  Code  Gb  adc.o [1]
MX_GPIO_Init             0x800'08bf   0xb6  Code  Gb  gpio.o [1]
MX_USART2_UART_Init      0x800'0991   0xa4  Code  Gb  usart.o [1]
MemManage_Handler        0x800'0c97    0x2  Code  Gb  stm32l4xx_it.o [1]
NMI_Handler              0x800'0c93    0x2  Code  Gb  stm32l4xx_it.o [1]
PendSV_Handler           0x800'0ca1    0x2  Code  Gb  stm32l4xx_it.o [1]
RCC_GetHCLKClockFreq     0x800'0699    0xc  Code  Gb  stm32l4xx_ll_rcc.o [1]
RCC_GetPCLK1ClockFreq    0x800'06a5    0xa  Code  Gb  stm32l4xx_ll_rcc.o [1]
RCC_GetPCLK2ClockFreq    0x800'06b5    0xc  Code  Gb  stm32l4xx_ll_rcc.o [1]
RCC_GetSystemClockFreq   0x800'063f   0x5a  Code  Gb  stm32l4xx_ll_rcc.o [1]
RCC_PLL_GetFreqDomain_SYS
                         0x800'06c1   0x54  Code  Gb  stm32l4xx_ll_rcc.o [1]
Region$$Table$$Base      0x800'0dfc          --   Gb  - Linker created -
Region$$Table$$Limit     0x800'0e10          --   Gb  - Linker created -
SVC_Handler              0x800'0c9d    0x2  Code  Gb  stm32l4xx_it.o [1]
SysTick_Handler          0x800'0ca3    0x2  Code  Gb  stm32l4xx_it.o [1]
SystemClock_Config       0x800'07c1   0xbe  Code  Gb  main.o [1]
SystemCoreClock         0x2000'0000    0x4  Data  Gb  system_stm32l4xx.o [1]
SystemInit               0x800'0d55   0x32  Code  Gb  system_stm32l4xx.o [1]
UsageFault_Handler       0x800'0c9b    0x2  Code  Gb  stm32l4xx_it.o [1]
__aeabi_memset           0x800'04f5         Code  Gb  ABImemset.o [3]
__cmain                  0x800'0e11         Code  Gb  cmain.o [3]
__exit                   0x800'0e45   0x14  Code  Gb  exit.o [4]
__iar_Memset             0x800'04f5         Code  Gb  ABImemset.o [3]
__iar_Memset_word        0x800'04fd         Code  Gb  ABImemset.o [3]
__iar_copy_init3         0x800'055b   0x2e  Code  Gb  copy_init3.o [3]
__iar_data_init3         0x800'0dd5   0x28  Code  Gb  data_init.o [3]
__iar_program_start      0x800'0e69         Code  Gb  cstartup_M.o [3]
__low_level_init         0x800'0e2f    0x4  Code  Gb  low_level_init.o [2]
__vector_table           0x800'0000         Data  Gb  startup_stm32l412xx.o [1]
_call_main               0x800'0e1d         Code  Gb  cmain.o [3]
_exit                    0x800'0e39         Code  Gb  cexit.o [3]
_main                    0x800'0e2b         Code  Gb  cmain.o [3]
exit                     0x800'0e33    0x4  Code  Gb  exit.o [2]
function                 0x800'01f7  0x1de  Code  Gb  adc.o [1]
main                     0x800'076d   0x54  Code  Gb  main.o [1]
memset                   0x800'041d   0x14  Code  Gb  memset.o [3]
result                  0x2000'0008    0x4  Data  Gb  main.o [1]
temp_or_volt            0x2000'0004    0x1  Data  Gb  main.o [1]


[1] = C:\Users\dev\Documents\STM_projecti\firsttest\EWARM\workfinale\Obj
[2] = dl7M_tln.a
[3] = rt7M_tl.a
[4] = shb_l.a

  3'856 bytes of readonly  code memory
     88 bytes of readonly  data memory
  1'036 bytes of readwrite data memory

Errors: none
Warnings: none
