###############################################################################
#
# IAR ELF Linker V8.40.1.212/W32 for ARM                  10/Feb/2021  02:22:27
# Copyright 2007-2019 IAR Systems AB.
#
#    Output file  =
#        C:\Users\dev\Documents\STM_projecti\firsttest\EWARM\workfinale\Exe\workfinale.out
#    Map file     =
#        C:\Users\dev\Documents\STM_projecti\firsttest\EWARM\workfinale\List\workfinale.map
#    Command line =
#        -f C:\Users\75BD~1\AppData\Local\Temp\EWB583.tmp
#        (C:\Users\dev\Documents\STM_projecti\firsttest\EWARM\workfinale\Obj\adc.o
#        C:\Users\dev\Documents\STM_projecti\firsttest\EWARM\workfinale\Obj\gpio.o
#        C:\Users\dev\Documents\STM_projecti\firsttest\EWARM\workfinale\Obj\main.o
#        C:\Users\dev\Documents\STM_projecti\firsttest\EWARM\workfinale\Obj\startup_stm32l412xx.o
#        C:\Users\dev\Documents\STM_projecti\firsttest\EWARM\workfinale\Obj\stm32l4xx_it.o
#        C:\Users\dev\Documents\STM_projecti\firsttest\EWARM\workfinale\Obj\stm32l4xx_ll_adc.o
#        C:\Users\dev\Documents\STM_projecti\firsttest\EWARM\workfinale\Obj\stm32l4xx_ll_dma.o
#        C:\Users\dev\Documents\STM_projecti\firsttest\EWARM\workfinale\Obj\stm32l4xx_ll_exti.o
#        C:\Users\dev\Documents\STM_projecti\firsttest\EWARM\workfinale\Obj\stm32l4xx_ll_gpio.o
#        C:\Users\dev\Documents\STM_projecti\firsttest\EWARM\workfinale\Obj\stm32l4xx_ll_pwr.o
#        C:\Users\dev\Documents\STM_projecti\firsttest\EWARM\workfinale\Obj\stm32l4xx_ll_rcc.o
#        C:\Users\dev\Documents\STM_projecti\firsttest\EWARM\workfinale\Obj\stm32l4xx_ll_usart.o
#        C:\Users\dev\Documents\STM_projecti\firsttest\EWARM\workfinale\Obj\stm32l4xx_ll_utils.o
#        C:\Users\dev\Documents\STM_projecti\firsttest\EWARM\workfinale\Obj\system_stm32l4xx.o
#        C:\Users\dev\Documents\STM_projecti\firsttest\EWARM\workfinale\Obj\usart.o
#        --redirect _Printf=_PrintfFull --redirect _Scanf=_ScanfFull
#        --no_out_extension -o
#        C:\Users\dev\Documents\STM_projecti\firsttest\EWARM\workfinale\Exe\workfinale.out
#        --map
#        C:\Users\dev\Documents\STM_projecti\firsttest\EWARM\workfinale\List\workfinale.map
#        --config
#        C:\Users\dev\Documents\STM_projecti\firsttest\EWARM/stm32l412xx_flash.icf
#        --semihosting --entry __iar_program_start --vfe --text_out locale)
#
###############################################################################

*******************************************************************************
*** RUNTIME MODEL ATTRIBUTES
***

CppFlavor       = *
__SystemLibrary = DLib
__dlib_version  = 6


*******************************************************************************
*** HEAP SELECTION
***

The basic heap was selected because no calls to memory allocation
functions were found in the application outside of system library
functions, and there are calls to deallocation functions in the
application.


*******************************************************************************
*** PLACEMENT SUMMARY
***

"A0":  place at address 0x800'0000 { ro section .intvec };
"P1":  place in [from 0x800'0000 to 0x801'ffff] { ro };
define block CSTACK with size = 1K, alignment = 8 { };
define block HEAP with size = 512, alignment = 8 { };
"P2":  place in [from 0x2000'0000 to 0x2000'9fff] {
          rw, block CSTACK, block HEAP };
initialize by copy { rw };

  Section            Kind         Address    Size  Object
  -------            ----         -------    ----  ------
"A0":                                       0x18c
  .intvec            ro code   0x800'0000   0x18c  startup_stm32l412xx.o [1]
                             - 0x800'018c   0x18c

"P1":                                      0x10d8
  .text              ro code   0x800'018c   0x3e2  adc.o [1]
  .text              ro code   0x800'056e    0x14  memset.o [3]
  .text              ro code   0x800'0582    0x2e  copy_init3.o [3]
  .text              ro code   0x800'05b0   0x26c  stm32l4xx_ll_adc.o [1]
  .text              ro code   0x800'081c    0x66  ABImemset.o [3]
  .text              ro code   0x800'0882    0x12  stm32l4xx_it.o [1]
  .text              ro code   0x800'0894   0x1e4  stm32l4xx_ll_rcc.o [1]
  .text              ro code   0x800'0a78   0x13c  main.o [1]
  .text              ro code   0x800'0bb4    0xe8  gpio.o [1]
  .text              ro code   0x800'0c9c    0xa4  usart.o [1]
  .text              ro code   0x800'0d40    0x28  stm32l4xx_ll_utils.o [1]
  .text              ro code   0x800'0d68   0x13c  stm32l4xx_ll_exti.o [1]
  .text              ro code   0x800'0ea4    0xfa  stm32l4xx_ll_gpio.o [1]
  .text              ro code   0x800'0fa0    0xb0  stm32l4xx_ll_usart.o [1]
  .text              ro code   0x800'1050    0x50  system_stm32l4xx.o [1]
  .rodata            const     0x800'10a0    0x30  system_stm32l4xx.o [1]
  .text              ro code   0x800'10d0    0x28  data_init.o [3]
  .iar.init_table    const     0x800'10f8    0x14  - Linker created -
  .text              ro code   0x800'110c    0x1e  cmain.o [3]
  .text              ro code   0x800'112a     0x4  low_level_init.o [2]
  .text              ro code   0x800'112e     0x4  exit.o [2]
  .text              ro code   0x800'1134     0xa  cexit.o [3]
  .text              ro code   0x800'1140    0x14  exit.o [4]
  .text              ro code   0x800'1154    0x10  startup_stm32l412xx.o [1]
  .text              ro code   0x800'1164     0xc  cstartup_M.o [3]
  Initializer bytes  const     0x800'1170     0xc  <for P2-1>
  .rodata            const     0x800'117c     0x8  system_stm32l4xx.o [1]
  .text              ro code   0x800'1184     0x4  startup_stm32l412xx.o [1]
  .text              ro code   0x800'1188     0x4  startup_stm32l412xx.o [1]
  .text              ro code   0x800'118c     0x4  startup_stm32l412xx.o [1]
  .text              ro code   0x800'1190     0x4  startup_stm32l412xx.o [1]
  .text              ro code   0x800'1194     0x4  startup_stm32l412xx.o [1]
  .text              ro code   0x800'1198     0x4  startup_stm32l412xx.o [1]
  .text              ro code   0x800'119c     0x4  startup_stm32l412xx.o [1]
  .text              ro code   0x800'11a0     0x4  startup_stm32l412xx.o [1]
  .text              ro code   0x800'11a4     0x4  startup_stm32l412xx.o [1]
  .text              ro code   0x800'11a8     0x4  startup_stm32l412xx.o [1]
  .text              ro code   0x800'11ac     0x4  startup_stm32l412xx.o [1]
  .text              ro code   0x800'11b0     0x4  startup_stm32l412xx.o [1]
  .text              ro code   0x800'11b4     0x4  startup_stm32l412xx.o [1]
  .text              ro code   0x800'11b8     0x4  startup_stm32l412xx.o [1]
  .text              ro code   0x800'11bc     0x4  startup_stm32l412xx.o [1]
  .text              ro code   0x800'11c0     0x4  startup_stm32l412xx.o [1]
  .text              ro code   0x800'11c4     0x4  startup_stm32l412xx.o [1]
  .text              ro code   0x800'11c8     0x4  startup_stm32l412xx.o [1]
  .text              ro code   0x800'11cc     0x4  startup_stm32l412xx.o [1]
  .text              ro code   0x800'11d0     0x4  startup_stm32l412xx.o [1]
  .text              ro code   0x800'11d4     0x4  startup_stm32l412xx.o [1]
  .text              ro code   0x800'11d8     0x4  startup_stm32l412xx.o [1]
  .text              ro code   0x800'11dc     0x4  startup_stm32l412xx.o [1]
  .text              ro code   0x800'11e0     0x4  startup_stm32l412xx.o [1]
  .text              ro code   0x800'11e4     0x4  startup_stm32l412xx.o [1]
  .text              ro code   0x800'11e8     0x4  startup_stm32l412xx.o [1]
  .text              ro code   0x800'11ec     0x4  startup_stm32l412xx.o [1]
  .text              ro code   0x800'11f0     0x4  startup_stm32l412xx.o [1]
  .text              ro code   0x800'11f4     0x4  startup_stm32l412xx.o [1]
  .text              ro code   0x800'11f8     0x4  startup_stm32l412xx.o [1]
  .text              ro code   0x800'11fc     0x4  startup_stm32l412xx.o [1]
  .text              ro code   0x800'1200     0x4  startup_stm32l412xx.o [1]
  .text              ro code   0x800'1204     0x4  startup_stm32l412xx.o [1]
  .text              ro code   0x800'1208     0x4  startup_stm32l412xx.o [1]
  .text              ro code   0x800'120c     0x4  startup_stm32l412xx.o [1]
  .text              ro code   0x800'1210     0x4  startup_stm32l412xx.o [1]
  .text              ro code   0x800'1214     0x4  startup_stm32l412xx.o [1]
  .text              ro code   0x800'1218     0x4  startup_stm32l412xx.o [1]
  .text              ro code   0x800'121c     0x4  startup_stm32l412xx.o [1]
  .text              ro code   0x800'1220     0x4  startup_stm32l412xx.o [1]
  .text              ro code   0x800'1224     0x4  startup_stm32l412xx.o [1]
  .text              ro code   0x800'1228     0x4  startup_stm32l412xx.o [1]
  .text              ro code   0x800'122c     0x4  startup_stm32l412xx.o [1]
  .text              ro code   0x800'1230     0x4  startup_stm32l412xx.o [1]
  .text              ro code   0x800'1234     0x4  startup_stm32l412xx.o [1]
  .text              ro code   0x800'1238     0x4  startup_stm32l412xx.o [1]
  .text              ro code   0x800'123c     0x4  startup_stm32l412xx.o [1]
  .text              ro code   0x800'1240     0x4  startup_stm32l412xx.o [1]
  .text              ro code   0x800'1244     0x4  startup_stm32l412xx.o [1]
  .text              ro code   0x800'1248     0x4  startup_stm32l412xx.o [1]
  .text              ro code   0x800'124c     0x4  startup_stm32l412xx.o [1]
  .text              ro code   0x800'1250     0x4  startup_stm32l412xx.o [1]
  .text              ro code   0x800'1254     0x4  startup_stm32l412xx.o [1]
  .text              ro code   0x800'1258     0x4  startup_stm32l412xx.o [1]
  .text              ro code   0x800'125c     0x4  startup_stm32l412xx.o [1]
  .text              ro code   0x800'1260     0x4  startup_stm32l412xx.o [1]
  .rodata            const     0x800'1264     0x0  copy_init3.o [3]
                             - 0x800'1264  0x10d8

"P2", part 1 of 2:                            0xc
  P2-1                        0x2000'0000     0xc  <Init block>
    .data            inited   0x2000'0000     0x4  system_stm32l4xx.o [1]
    .bss             inited   0x2000'0004     0x8  main.o [1]
                            - 0x2000'000c     0xc

"P2", part 2 of 2:                          0x400
  CSTACK                      0x2000'0010   0x400  <Block>
    CSTACK           uninit   0x2000'0010   0x400  <Block tail>
                            - 0x2000'0410   0x400

Unused ranges:

         From           To      Size
         ----           --      ----
   0x800'1264   0x801'ffff  0x1'ed9c
  0x2000'000c  0x2000'000f       0x4
  0x2000'0410  0x2000'9fff    0x9bf0


*******************************************************************************
*** INIT TABLE
***

          Address      Size
          -------      ----
Copy (__iar_copy_init3)
    1 source range, total size 0xc:
           0x800'1170   0xc
    1 destination range, total size 0xc:
          0x2000'0000   0xc



*******************************************************************************
*** MODULE SUMMARY
***

    Module                 ro code  ro data  rw data
    ------                 -------  -------  -------
command line/config:
    ------------------------------------------------
    Total:

C:\Users\dev\Documents\STM_projecti\firsttest\EWARM\workfinale\Obj: [1]
    adc.o                      994
    gpio.o                     232
    main.o                     316        8        8
    startup_stm32l412xx.o      636
    stm32l4xx_it.o              18
    stm32l4xx_ll_adc.o         620
    stm32l4xx_ll_exti.o        316
    stm32l4xx_ll_gpio.o        250
    stm32l4xx_ll_rcc.o         484
    stm32l4xx_ll_usart.o       176
    stm32l4xx_ll_utils.o        40
    system_stm32l4xx.o          80       60        4
    usart.o                    164
    ------------------------------------------------
    Total:                   4'326       68       12

dl7M_tln.a: [2]
    exit.o                       4
    low_level_init.o             4
    ------------------------------------------------
    Total:                       8

rt7M_tl.a: [3]
    ABImemset.o                102
    cexit.o                     10
    cmain.o                     30
    copy_init3.o                46
    cstartup_M.o                12
    data_init.o                 40
    memset.o                    20
    ------------------------------------------------
    Total:                     260

shb_l.a: [4]
    exit.o                      20
    ------------------------------------------------
    Total:                      20

    Gaps                         6
    Linker created                       20    1'024
----------------------------------------------------
    Grand Total:             4'620       88    1'036


*******************************************************************************
*** ENTRY LIST
***

Entry                       Address   Size  Type      Object
-----                       -------   ----  ----      ------
.iar.init_table$$Base    0x800'10f8          --   Gb  - Linker created -
.iar.init_table$$Limit   0x800'110c          --   Gb  - Linker created -
?main                    0x800'110d         Code  Gb  cmain.o [3]
AHBPrescTable            0x800'1090   0x10  Data  Gb  system_stm32l4xx.o [1]
APBPrescTable            0x800'117c    0x8  Data  Gb  system_stm32l4xx.o [1]
BusFault_Handler         0x800'0889    0x2  Code  Gb  stm32l4xx_it.o [1]
CSTACK$$Base            0x2000'0010          --   Gb  - Linker created -
CSTACK$$Limit           0x2000'0410          --   Gb  - Linker created -
DebugMon_Handler         0x800'088f    0x2  Code  Gb  stm32l4xx_it.o [1]
HardFault_Handler        0x800'0885    0x2  Code  Gb  stm32l4xx_it.o [1]
LL_ADC_CommonInit        0x800'05b1   0x3e  Code  Gb  stm32l4xx_ll_adc.o [1]
LL_ADC_DeInit            0x800'05ef  0x178  Code  Gb  stm32l4xx_ll_adc.o [1]
LL_ADC_Init              0x800'0773   0x26  Code  Gb  stm32l4xx_ll_adc.o [1]
LL_ADC_REG_Init          0x800'0799   0x4c  Code  Gb  stm32l4xx_ll_adc.o [1]
LL_ADC_REG_SetSequencerRanks
                         0x800'018d   0x26  Code  Lc  adc.o [1]
LL_ADC_SetChannelSamplingTime
                         0x800'01b3   0x24  Code  Lc  adc.o [1]
LL_ADC_SetChannelSingleDiff
                         0x800'01d7   0x1e  Code  Lc  adc.o [1]
LL_AHB2_GRP1_EnableClock
                         0x800'01f5   0x16  Code  Lc  adc.o [1]
LL_AHB2_GRP1_EnableClock
                         0x800'0bb5   0x16  Code  Lc  gpio.o [1]
LL_EXTI_Init             0x800'0d69  0x134  Code  Gb  stm32l4xx_ll_exti.o [1]
LL_GPIO_Init             0x800'0ea5   0xb6  Code  Gb  stm32l4xx_ll_gpio.o [1]
LL_Init1msTick           0x800'0d41   0x18  Code  Gb  stm32l4xx_ll_utils.o [1]
LL_RCC_GetUSARTClockFreq
                         0x800'0895   0xb6  Code  Gb  stm32l4xx_ll_rcc.o [1]
LL_SetSystemCoreClock    0x800'0d59    0x6  Code  Gb  stm32l4xx_ll_utils.o [1]
LL_USART_Init            0x800'0fa1   0x9c  Code  Gb  stm32l4xx_ll_usart.o [1]
MSIRangeTable            0x800'10a0   0x30  Data  Gb  system_stm32l4xx.o [1]
MX_ADC1_Init             0x800'020b   0xc0  Code  Gb  adc.o [1]
MX_GPIO_Init             0x800'0bcb   0xb6  Code  Gb  gpio.o [1]
MX_USART2_UART_Init      0x800'0c9d   0xa4  Code  Gb  usart.o [1]
MemManage_Handler        0x800'0887    0x2  Code  Gb  stm32l4xx_it.o [1]
NMI_Handler              0x800'0883    0x2  Code  Gb  stm32l4xx_it.o [1]
PendSV_Handler           0x800'0891    0x2  Code  Gb  stm32l4xx_it.o [1]
RCC_GetHCLKClockFreq     0x800'09a5    0xc  Code  Gb  stm32l4xx_ll_rcc.o [1]
RCC_GetPCLK1ClockFreq    0x800'09b1    0xa  Code  Gb  stm32l4xx_ll_rcc.o [1]
RCC_GetPCLK2ClockFreq    0x800'09c1    0xc  Code  Gb  stm32l4xx_ll_rcc.o [1]
RCC_GetSystemClockFreq   0x800'094b   0x5a  Code  Gb  stm32l4xx_ll_rcc.o [1]
RCC_PLL_GetFreqDomain_SYS
                         0x800'09cd   0x54  Code  Gb  stm32l4xx_ll_rcc.o [1]
Region$$Table$$Base      0x800'10f8          --   Gb  - Linker created -
Region$$Table$$Limit     0x800'110c          --   Gb  - Linker created -
SVC_Handler              0x800'088d    0x2  Code  Gb  stm32l4xx_it.o [1]
SysTick_Handler          0x800'0893    0x2  Code  Gb  stm32l4xx_it.o [1]
SystemClock_Config       0x800'0acd   0xbe  Code  Gb  main.o [1]
SystemCoreClock         0x2000'0000    0x4  Data  Gb  system_stm32l4xx.o [1]
SystemInit               0x800'1051   0x32  Code  Gb  system_stm32l4xx.o [1]
UsageFault_Handler       0x800'088b    0x2  Code  Gb  stm32l4xx_it.o [1]
__aeabi_memset           0x800'081d         Code  Gb  ABImemset.o [3]
__cmain                  0x800'110d         Code  Gb  cmain.o [3]
__exit                   0x800'1141   0x14  Code  Gb  exit.o [4]
__iar_Memset             0x800'081d         Code  Gb  ABImemset.o [3]
__iar_Memset_word        0x800'0825         Code  Gb  ABImemset.o [3]
__iar_copy_init3         0x800'0583   0x2e  Code  Gb  copy_init3.o [3]
__iar_data_init3         0x800'10d1   0x28  Code  Gb  data_init.o [3]
__iar_program_start      0x800'1165         Code  Gb  cstartup_M.o [3]
__low_level_init         0x800'112b    0x4  Code  Gb  low_level_init.o [2]
__vector_table           0x800'0000         Data  Gb  startup_stm32l412xx.o [1]
_call_main               0x800'1119         Code  Gb  cmain.o [3]
_exit                    0x800'1135         Code  Gb  cexit.o [3]
_main                    0x800'1127         Code  Gb  cmain.o [3]
exit                     0x800'112f    0x4  Code  Gb  exit.o [2]
function                 0x800'02cb  0x226  Code  Gb  adc.o [1]
main                     0x800'0a79   0x54  Code  Gb  main.o [1]
memset                   0x800'056f   0x14  Code  Gb  memset.o [3]
result                  0x2000'0008    0x4  Data  Gb  main.o [1]
temp_or_volt            0x2000'0004    0x1  Data  Gb  main.o [1]


[1] = C:\Users\dev\Documents\STM_projecti\firsttest\EWARM\workfinale\Obj
[2] = dl7M_tln.a
[3] = rt7M_tl.a
[4] = shb_l.a

  4'620 bytes of readonly  code memory
     88 bytes of readonly  data memory
  1'036 bytes of readwrite data memory

Errors: none
Warnings: none
