###############################################################################
#
# IAR ELF Linker V8.40.1.212/W32 for ARM                  28/Jan/2021  23:39:38
# Copyright 2007-2019 IAR Systems AB.
#
#    Output file  =
#        C:\Users\dev\Documents\STM_projecti\itry\EWARM\itry\Exe\itry.out
#    Map file     =
#        C:\Users\dev\Documents\STM_projecti\itry\EWARM\itry\List\itry.map
#    Command line =
#        -f C:\Users\75BD~1\AppData\Local\Temp\EW9492.tmp
#        (C:\Users\dev\Documents\STM_projecti\itry\EWARM\itry\Obj\main.o
#        C:\Users\dev\Documents\STM_projecti\itry\EWARM\itry\Obj\startup_stm32l412xx.o
#        C:\Users\dev\Documents\STM_projecti\itry\EWARM\itry\Obj\stm32l4xx_it.o
#        C:\Users\dev\Documents\STM_projecti\itry\EWARM\itry\Obj\stm32l4xx_ll_adc.o
#        C:\Users\dev\Documents\STM_projecti\itry\EWARM\itry\Obj\stm32l4xx_ll_dma.o
#        C:\Users\dev\Documents\STM_projecti\itry\EWARM\itry\Obj\stm32l4xx_ll_exti.o
#        C:\Users\dev\Documents\STM_projecti\itry\EWARM\itry\Obj\stm32l4xx_ll_gpio.o
#        C:\Users\dev\Documents\STM_projecti\itry\EWARM\itry\Obj\stm32l4xx_ll_pwr.o
#        C:\Users\dev\Documents\STM_projecti\itry\EWARM\itry\Obj\stm32l4xx_ll_rcc.o
#        C:\Users\dev\Documents\STM_projecti\itry\EWARM\itry\Obj\stm32l4xx_ll_usart.o
#        C:\Users\dev\Documents\STM_projecti\itry\EWARM\itry\Obj\stm32l4xx_ll_utils.o
#        C:\Users\dev\Documents\STM_projecti\itry\EWARM\itry\Obj\system_stm32l4xx.o
#        --redirect _Printf=_PrintfFull --redirect _Scanf=_ScanfFull
#        --no_out_extension -o
#        C:\Users\dev\Documents\STM_projecti\itry\EWARM\itry\Exe\itry.out --map
#        C:\Users\dev\Documents\STM_projecti\itry\EWARM\itry\List\itry.map
#        --config
#        C:\Users\dev\Documents\STM_projecti\itry\EWARM/stm32l412xx_flash.icf
#        --semihosting --entry __iar_program_start --vfe --text_out locale)
#
###############################################################################

*******************************************************************************
*** RUNTIME MODEL ATTRIBUTES
***

CppFlavor       = *
__SystemLibrary = DLib
__dlib_version  = 6


*******************************************************************************
*** HEAP SELECTION
***

The basic heap was selected because no calls to memory allocation
functions were found in the application outside of system library
functions, and there are calls to deallocation functions in the
application.


*******************************************************************************
*** PLACEMENT SUMMARY
***

"A0":  place at address 0x800'0000 { ro section .intvec };
"P1":  place in [from 0x800'0000 to 0x801'ffff] { ro };
define block CSTACK with size = 1K, alignment = 8 { };
define block HEAP with size = 512, alignment = 8 { };
"P2":  place in [from 0x2000'0000 to 0x2000'9fff] {
          rw, block CSTACK, block HEAP };
initialize by copy { rw };

  Section            Kind         Address   Size  Object
  -------            ----         -------   ----  ------
"A0":                                      0x18c
  .intvec            ro code   0x800'0000  0x18c  startup_stm32l412xx.o [1]
                             - 0x800'018c  0x18c

"P1":                                      0xcc8
  .text              ro code   0x800'018c  0x410  main.o [1]
  .text              ro code   0x800'059c   0x14  memset.o [4]
  .text              ro code   0x800'05b0  0x13c  stm32l4xx_ll_exti.o [1]
  .text              ro code   0x800'06ec   0xfa  stm32l4xx_ll_gpio.o [1]
  .text              ro code   0x800'07e6   0x2e  copy_init3.o [4]
  .text              ro code   0x800'0814   0xb0  stm32l4xx_ll_usart.o [1]
  .text              ro code   0x800'08c4   0xc4  stm32l4xx_ll_adc.o [1]
  .text              ro code   0x800'0988   0x28  stm32l4xx_ll_utils.o [1]
  .text              ro code   0x800'09b0   0x66  ABImemset.o [4]
  .text              ro code   0x800'0a16   0x12  stm32l4xx_it.o [1]
  .text              ro code   0x800'0a28  0x1e4  stm32l4xx_ll_rcc.o [1]
  .text              ro code   0x800'0c0c   0x5c  system_stm32l4xx.o [1]
  .rodata            const     0x800'0c68   0x30  system_stm32l4xx.o [1]
  .text              ro code   0x800'0c98   0x28  data_init.o [4]
  .text              ro code   0x800'0cc0   0x22  fpinit_M.o [3]
  .iar.init_table    const     0x800'0ce4   0x14  - Linker created -
  .text              ro code   0x800'0cf8   0x1e  cmain.o [4]
  .text              ro code   0x800'0d16    0x4  low_level_init.o [2]
  .text              ro code   0x800'0d1a    0x4  exit.o [2]
  .text              ro code   0x800'0d20    0xa  cexit.o [4]
  .text              ro code   0x800'0d2c   0x14  exit.o [5]
  .text              ro code   0x800'0d40   0x10  startup_stm32l412xx.o [1]
  Initializer bytes  const     0x800'0d50   0x10  <for P2-1>
  .text              ro code   0x800'0d60    0xc  cstartup_M.o [4]
  .rodata            const     0x800'0d6c    0x8  system_stm32l4xx.o [1]
  .text              ro code   0x800'0d74    0x4  startup_stm32l412xx.o [1]
  .text              ro code   0x800'0d78    0x4  startup_stm32l412xx.o [1]
  .text              ro code   0x800'0d7c    0x4  startup_stm32l412xx.o [1]
  .text              ro code   0x800'0d80    0x4  startup_stm32l412xx.o [1]
  .text              ro code   0x800'0d84    0x4  startup_stm32l412xx.o [1]
  .text              ro code   0x800'0d88    0x4  startup_stm32l412xx.o [1]
  .text              ro code   0x800'0d8c    0x4  startup_stm32l412xx.o [1]
  .text              ro code   0x800'0d90    0x4  startup_stm32l412xx.o [1]
  .text              ro code   0x800'0d94    0x4  startup_stm32l412xx.o [1]
  .text              ro code   0x800'0d98    0x4  startup_stm32l412xx.o [1]
  .text              ro code   0x800'0d9c    0x4  startup_stm32l412xx.o [1]
  .text              ro code   0x800'0da0    0x4  startup_stm32l412xx.o [1]
  .text              ro code   0x800'0da4    0x4  startup_stm32l412xx.o [1]
  .text              ro code   0x800'0da8    0x4  startup_stm32l412xx.o [1]
  .text              ro code   0x800'0dac    0x4  startup_stm32l412xx.o [1]
  .text              ro code   0x800'0db0    0x4  startup_stm32l412xx.o [1]
  .text              ro code   0x800'0db4    0x4  startup_stm32l412xx.o [1]
  .text              ro code   0x800'0db8    0x4  startup_stm32l412xx.o [1]
  .text              ro code   0x800'0dbc    0x4  startup_stm32l412xx.o [1]
  .text              ro code   0x800'0dc0    0x4  startup_stm32l412xx.o [1]
  .text              ro code   0x800'0dc4    0x4  startup_stm32l412xx.o [1]
  .text              ro code   0x800'0dc8    0x4  startup_stm32l412xx.o [1]
  .text              ro code   0x800'0dcc    0x4  startup_stm32l412xx.o [1]
  .text              ro code   0x800'0dd0    0x4  startup_stm32l412xx.o [1]
  .text              ro code   0x800'0dd4    0x4  startup_stm32l412xx.o [1]
  .text              ro code   0x800'0dd8    0x4  startup_stm32l412xx.o [1]
  .text              ro code   0x800'0ddc    0x4  startup_stm32l412xx.o [1]
  .text              ro code   0x800'0de0    0x4  startup_stm32l412xx.o [1]
  .text              ro code   0x800'0de4    0x4  startup_stm32l412xx.o [1]
  .text              ro code   0x800'0de8    0x4  startup_stm32l412xx.o [1]
  .text              ro code   0x800'0dec    0x4  startup_stm32l412xx.o [1]
  .text              ro code   0x800'0df0    0x4  startup_stm32l412xx.o [1]
  .text              ro code   0x800'0df4    0x4  startup_stm32l412xx.o [1]
  .text              ro code   0x800'0df8    0x4  startup_stm32l412xx.o [1]
  .text              ro code   0x800'0dfc    0x4  startup_stm32l412xx.o [1]
  .text              ro code   0x800'0e00    0x4  startup_stm32l412xx.o [1]
  .text              ro code   0x800'0e04    0x4  startup_stm32l412xx.o [1]
  .text              ro code   0x800'0e08    0x4  startup_stm32l412xx.o [1]
  .text              ro code   0x800'0e0c    0x4  startup_stm32l412xx.o [1]
  .text              ro code   0x800'0e10    0x4  startup_stm32l412xx.o [1]
  .text              ro code   0x800'0e14    0x4  startup_stm32l412xx.o [1]
  .text              ro code   0x800'0e18    0x4  startup_stm32l412xx.o [1]
  .text              ro code   0x800'0e1c    0x4  startup_stm32l412xx.o [1]
  .text              ro code   0x800'0e20    0x4  startup_stm32l412xx.o [1]
  .text              ro code   0x800'0e24    0x4  startup_stm32l412xx.o [1]
  .text              ro code   0x800'0e28    0x4  startup_stm32l412xx.o [1]
  .text              ro code   0x800'0e2c    0x4  startup_stm32l412xx.o [1]
  .text              ro code   0x800'0e30    0x4  startup_stm32l412xx.o [1]
  .text              ro code   0x800'0e34    0x4  startup_stm32l412xx.o [1]
  .text              ro code   0x800'0e38    0x4  startup_stm32l412xx.o [1]
  .text              ro code   0x800'0e3c    0x4  startup_stm32l412xx.o [1]
  .text              ro code   0x800'0e40    0x4  startup_stm32l412xx.o [1]
  .text              ro code   0x800'0e44    0x4  startup_stm32l412xx.o [1]
  .text              ro code   0x800'0e48    0x4  startup_stm32l412xx.o [1]
  .text              ro code   0x800'0e4c    0x4  startup_stm32l412xx.o [1]
  .text              ro code   0x800'0e50    0x4  startup_stm32l412xx.o [1]
  .rodata            const     0x800'0e54    0x0  copy_init3.o [4]
                             - 0x800'0e54  0xcc8

"P2", part 1 of 2:                          0x10
  P2-1                        0x2000'0000    0xe  <Init block>
    .data            inited   0x2000'0000    0x4  system_stm32l4xx.o [1]
    .bss             inited   0x2000'0004    0x4  main.o [1]
    .data            inited   0x2000'0008    0x6  main.o [1]
                            - 0x2000'000e    0xe

"P2", part 2 of 2:                         0x400
  CSTACK                      0x2000'0010  0x400  <Block>
    CSTACK           uninit   0x2000'0010  0x400  <Block tail>
                            - 0x2000'0410  0x400

Unused ranges:

         From           To      Size
         ----           --      ----
   0x800'0e54   0x801'ffff  0x1'f1ac
  0x2000'0410  0x2000'9fff    0x9bf0


*******************************************************************************
*** INIT TABLE
***

          Address      Size
          -------      ----
Copy (__iar_copy_init3)
    1 source range, total size 0x10 (114% of destination):
           0x800'0d50  0x10
    1 destination range, total size 0xe:
          0x2000'0000   0xe



*******************************************************************************
*** MODULE SUMMARY
***

    Module                 ro code  ro data  rw data
    ------                 -------  -------  -------
command line/config:
    ------------------------------------------------
    Total:

C:\Users\dev\Documents\STM_projecti\itry\EWARM\itry\Obj: [1]
    main.o                   1'040       10       10
    startup_stm32l412xx.o      636
    stm32l4xx_it.o              18
    stm32l4xx_ll_adc.o         196
    stm32l4xx_ll_exti.o        316
    stm32l4xx_ll_gpio.o        250
    stm32l4xx_ll_rcc.o         484
    stm32l4xx_ll_usart.o       176
    stm32l4xx_ll_utils.o        40
    system_stm32l4xx.o          92       60        4
    ------------------------------------------------
    Total:                   3'248       70       14

dl7M_tln.a: [2]
    exit.o                       4
    low_level_init.o             4
    ------------------------------------------------
    Total:                       8

m7M_tls.a: [3]
    fpinit_M.o                  34
    ------------------------------------------------
    Total:                      34

rt7M_tl.a: [4]
    ABImemset.o                102
    cexit.o                     10
    cmain.o                     30
    copy_init3.o                46
    cstartup_M.o                12
    data_init.o                 40
    memset.o                    20
    ------------------------------------------------
    Total:                     260

shb_l.a: [5]
    exit.o                      20
    ------------------------------------------------
    Total:                      20

    Gaps                         4        2
    Linker created                       22    1'024
----------------------------------------------------
    Grand Total:             3'574       94    1'038


*******************************************************************************
*** ENTRY LIST
***

Entry                       Address   Size  Type      Object
-----                       -------   ----  ----      ------
.iar.init_table$$Base    0x800'0ce4          --   Gb  - Linker created -
.iar.init_table$$Limit   0x800'0cf8          --   Gb  - Linker created -
?main                    0x800'0cf9         Code  Gb  cmain.o [4]
AHBPrescTable            0x800'0c58   0x10  Data  Gb  system_stm32l4xx.o [1]
APBPrescTable            0x800'0d6c    0x8  Data  Gb  system_stm32l4xx.o [1]
BusFault_Handler         0x800'0a1d    0x2  Code  Gb  stm32l4xx_it.o [1]
CSTACK$$Base            0x2000'0010          --   Gb  - Linker created -
CSTACK$$Limit           0x2000'0410          --   Gb  - Linker created -
ConversionStartPoll_ADC_GrpRegular
                         0x800'04f5   0x3e  Code  Gb  main.o [1]
DebugMon_Handler         0x800'0a23    0x2  Code  Gb  stm32l4xx_it.o [1]
HardFault_Handler        0x800'0a19    0x2  Code  Gb  stm32l4xx_it.o [1]
LL_ADC_CommonInit        0x800'08c5   0x3e  Code  Gb  stm32l4xx_ll_adc.o [1]
LL_ADC_Init              0x800'0903   0x26  Code  Gb  stm32l4xx_ll_adc.o [1]
LL_ADC_REG_Init          0x800'0929   0x4c  Code  Gb  stm32l4xx_ll_adc.o [1]
LL_AHB2_GRP1_EnableClock
                         0x800'018d    0x6  Code  Lc  main.o [1]
LL_APB1_GRP1_EnableClock
                         0x800'0193    0x4  Code  Lc  main.o [1]
LL_EXTI_Init             0x800'05b1  0x134  Code  Gb  stm32l4xx_ll_exti.o [1]
LL_GPIO_Init             0x800'06ed   0xb6  Code  Gb  stm32l4xx_ll_gpio.o [1]
LL_Init1msTick           0x800'0989   0x18  Code  Gb  stm32l4xx_ll_utils.o [1]
LL_RCC_GetUSARTClockFreq
                         0x800'0a29   0xb6  Code  Gb  stm32l4xx_ll_rcc.o [1]
LL_SetSystemCoreClock    0x800'09a1    0x6  Code  Gb  stm32l4xx_ll_utils.o [1]
LL_USART_Init            0x800'0815   0x9c  Code  Gb  stm32l4xx_ll_usart.o [1]
MSIRangeTable            0x800'0c68   0x30  Data  Gb  system_stm32l4xx.o [1]
MemManage_Handler        0x800'0a1b    0x2  Code  Gb  stm32l4xx_it.o [1]
NMI_Handler              0x800'0a17    0x2  Code  Gb  stm32l4xx_it.o [1]
PendSV_Handler           0x800'0a25    0x2  Code  Gb  stm32l4xx_it.o [1]
RCC_GetHCLKClockFreq     0x800'0b39    0xc  Code  Gb  stm32l4xx_ll_rcc.o [1]
RCC_GetPCLK1ClockFreq    0x800'0b45    0xa  Code  Gb  stm32l4xx_ll_rcc.o [1]
RCC_GetPCLK2ClockFreq    0x800'0b55    0xc  Code  Gb  stm32l4xx_ll_rcc.o [1]
RCC_GetSystemClockFreq   0x800'0adf   0x5a  Code  Gb  stm32l4xx_ll_rcc.o [1]
RCC_PLL_GetFreqDomain_SYS
                         0x800'0b61   0x54  Code  Gb  stm32l4xx_ll_rcc.o [1]
Region$$Table$$Base      0x800'0ce4          --   Gb  - Linker created -
Region$$Table$$Limit     0x800'0cf8          --   Gb  - Linker created -
SVC_Handler              0x800'0a21    0x2  Code  Gb  stm32l4xx_it.o [1]
SysTick_Handler          0x800'0a27    0x2  Code  Gb  stm32l4xx_it.o [1]
SystemClock_Config       0x800'0437   0xbe  Code  Gb  main.o [1]
SystemCoreClock         0x2000'0000    0x4  Data  Gb  system_stm32l4xx.o [1]
SystemInit               0x800'0c0d   0x3c  Code  Gb  system_stm32l4xx.o [1]
UsageFault_Handler       0x800'0a1f    0x2  Code  Gb  stm32l4xx_it.o [1]
__aeabi_memset           0x800'09b1         Code  Gb  ABImemset.o [4]
__cmain                  0x800'0cf9         Code  Gb  cmain.o [4]
__exit                   0x800'0d2d   0x14  Code  Gb  exit.o [5]
__iar_Memset             0x800'09b1         Code  Gb  ABImemset.o [4]
__iar_Memset_word        0x800'09b9         Code  Gb  ABImemset.o [4]
__iar_copy_init3         0x800'07e7   0x2e  Code  Gb  copy_init3.o [4]
__iar_data_init3         0x800'0c99   0x28  Code  Gb  data_init.o [4]
__iar_init_vfp           0x800'0cc1         Code  Gb  fpinit_M.o [3]
__iar_program_start      0x800'0d61         Code  Gb  cstartup_M.o [4]
__low_level_init         0x800'0d17    0x4  Code  Gb  low_level_init.o [2]
__vector_table           0x800'0000         Data  Gb  startup_stm32l412xx.o [1]
_call_main               0x800'0d05         Code  Gb  cmain.o [4]
_exit                    0x800'0d21         Code  Gb  cexit.o [4]
_main                    0x800'0d13         Code  Gb  cmain.o [4]
exit                     0x800'0d1b    0x4  Code  Gb  exit.o [2]
flag                    0x2000'0004    0x4  Data  Gb  main.o [1]
hADCxConvertedData_Temperature_DegreeCelsius
                        0x2000'000c    0x2  Data  Gb  main.o [1]
main                     0x800'01ab  0x276  Code  Gb  main.o [1]
memset                   0x800'059d   0x14  Code  Gb  memset.o [4]
ubAdcGrpRegularUnitaryConvStatus
                        0x2000'0008    0x1  Data  Gb  main.o [1]
uhADCxConvertedData     0x2000'000a    0x2  Data  Gb  main.o [1]


[1] = C:\Users\dev\Documents\STM_projecti\itry\EWARM\itry\Obj
[2] = dl7M_tln.a
[3] = m7M_tls.a
[4] = rt7M_tl.a
[5] = shb_l.a

  3'574 bytes of readonly  code memory
     94 bytes of readonly  data memory
  1'038 bytes of readwrite data memory

Errors: none
Warnings: none
