###############################################################################
#
# IAR ELF Linker V8.40.1.212/W32 for ARM                  12/Jan/2021  16:10:10
# Copyright 2007-2019 IAR Systems AB.
#
#    Output file  =
#        C:\Users\dev\Documents\STM_projecti\firsttest\EWARM\Documents\Exe\Documents.out
#    Map file     =
#        C:\Users\dev\Documents\STM_projecti\firsttest\EWARM\Documents\List\Documents.map
#    Command line =
#        -f C:\Users\75BD~1\AppData\Local\Temp\EW24B2.tmp
#        (C:\Users\dev\Documents\STM_projecti\firsttest\EWARM\Documents\Obj\main.o
#        C:\Users\dev\Documents\STM_projecti\firsttest\EWARM\Documents\Obj\startup_stm32l412xx.o
#        C:\Users\dev\Documents\STM_projecti\firsttest\EWARM\Documents\Obj\stm32l4xx_it.o
#        C:\Users\dev\Documents\STM_projecti\firsttest\EWARM\Documents\Obj\stm32l4xx_ll_adc.o
#        C:\Users\dev\Documents\STM_projecti\firsttest\EWARM\Documents\Obj\stm32l4xx_ll_dma.o
#        C:\Users\dev\Documents\STM_projecti\firsttest\EWARM\Documents\Obj\stm32l4xx_ll_exti.o
#        C:\Users\dev\Documents\STM_projecti\firsttest\EWARM\Documents\Obj\stm32l4xx_ll_gpio.o
#        C:\Users\dev\Documents\STM_projecti\firsttest\EWARM\Documents\Obj\stm32l4xx_ll_pwr.o
#        C:\Users\dev\Documents\STM_projecti\firsttest\EWARM\Documents\Obj\stm32l4xx_ll_rcc.o
#        C:\Users\dev\Documents\STM_projecti\firsttest\EWARM\Documents\Obj\stm32l4xx_ll_tim.o
#        C:\Users\dev\Documents\STM_projecti\firsttest\EWARM\Documents\Obj\stm32l4xx_ll_usart.o
#        C:\Users\dev\Documents\STM_projecti\firsttest\EWARM\Documents\Obj\stm32l4xx_ll_utils.o
#        C:\Users\dev\Documents\STM_projecti\firsttest\EWARM\Documents\Obj\system_stm32l4xx.o
#        --redirect _Printf=_PrintfFull --redirect _Scanf=_ScanfFull
#        --no_out_extension -o
#        C:\Users\dev\Documents\STM_projecti\firsttest\EWARM\Documents\Exe\Documents.out
#        --map
#        C:\Users\dev\Documents\STM_projecti\firsttest\EWARM\Documents\List\Documents.map
#        --config
#        C:\Users\dev\Documents\STM_projecti\firsttest\EWARM/stm32l412xx_flash.icf
#        --semihosting --entry __iar_program_start --vfe --text_out locale)
#
###############################################################################

*******************************************************************************
*** RUNTIME MODEL ATTRIBUTES
***

CppFlavor       = *
__SystemLibrary = DLib
__dlib_version  = 6


*******************************************************************************
*** HEAP SELECTION
***

The basic heap was selected because no calls to memory allocation
functions were found in the application outside of system library
functions, and there are calls to deallocation functions in the
application.


*******************************************************************************
*** PLACEMENT SUMMARY
***

"A0":  place at address 0x800'0000 { ro section .intvec };
"P1":  place in [from 0x800'0000 to 0x801'ffff] { ro };
define block CSTACK with size = 1K, alignment = 8 { };
define block HEAP with size = 512, alignment = 8 { };
"P2":  place in [from 0x2000'0000 to 0x2000'9fff] {
          rw, block CSTACK, block HEAP };
initialize by copy { rw };

  Section            Kind         Address    Size  Object
  -------            ----         -------    ----  ------
"A0":                                       0x18c
  .intvec            ro code   0x800'0000   0x18c  startup_stm32l412xx.o [1]
                             - 0x800'018c   0x18c

"P1":                                      0x1333
  .text              ro code   0x800'018c   0x6fc  main.o [1]
  .text              ro code   0x800'0888    0x14  memset.o [4]
  .text              ro code   0x800'089c   0x13c  stm32l4xx_ll_exti.o [1]
  .text              ro code   0x800'09d8    0xfa  stm32l4xx_ll_gpio.o [1]
  .text              ro code   0x800'0ad4    0xb0  stm32l4xx_ll_usart.o [1]
  .text              ro code   0x800'0b84   0x348  stm32l4xx_ll_tim.o [1]
  .text              ro code   0x800'0ecc    0xc4  stm32l4xx_ll_adc.o [1]
  .text              ro code   0x800'0f90    0x28  stm32l4xx_ll_utils.o [1]
  .text              ro code   0x800'0fb8    0x66  ABImemset.o [4]
  .text              ro code   0x800'1020   0x1e4  stm32l4xx_ll_rcc.o [1]
  .text              ro code   0x800'1204    0x5c  system_stm32l4xx.o [1]
  .text              ro code   0x800'1260    0x50  stm32l4xx_it.o [1]
  .text              ro code   0x800'12b0    0x38  packbits_init_single.o [4]
  .rodata            const     0x800'12e8    0x30  system_stm32l4xx.o [1]
  .text              ro code   0x800'1318    0x28  data_init.o [4]
  .text              ro code   0x800'1340    0x22  fpinit_M.o [3]
  .iar.init_table    const     0x800'1364    0x10  - Linker created -
  .text              ro code   0x800'1374    0x1e  cmain.o [4]
  .text              ro code   0x800'1392     0x4  low_level_init.o [2]
  .text              ro code   0x800'1396     0x4  exit.o [2]
  .text              ro code   0x800'139c     0xa  cexit.o [4]
  .text              ro code   0x800'13a8    0x14  exit.o [5]
  .text              ro code   0x800'13bc    0x10  startup_stm32l412xx.o [1]
  .text              ro code   0x800'13cc     0xc  cstartup_M.o [4]
  .rodata            const     0x800'13d8     0x8  system_stm32l4xx.o [1]
  .text              ro code   0x800'13e0     0x4  startup_stm32l412xx.o [1]
  .text              ro code   0x800'13e4     0x4  startup_stm32l412xx.o [1]
  .text              ro code   0x800'13e8     0x4  startup_stm32l412xx.o [1]
  .text              ro code   0x800'13ec     0x4  startup_stm32l412xx.o [1]
  .text              ro code   0x800'13f0     0x4  startup_stm32l412xx.o [1]
  .text              ro code   0x800'13f4     0x4  startup_stm32l412xx.o [1]
  .text              ro code   0x800'13f8     0x4  startup_stm32l412xx.o [1]
  .text              ro code   0x800'13fc     0x4  startup_stm32l412xx.o [1]
  .text              ro code   0x800'1400     0x4  startup_stm32l412xx.o [1]
  .text              ro code   0x800'1404     0x4  startup_stm32l412xx.o [1]
  .text              ro code   0x800'1408     0x4  startup_stm32l412xx.o [1]
  .text              ro code   0x800'140c     0x4  startup_stm32l412xx.o [1]
  .text              ro code   0x800'1410     0x4  startup_stm32l412xx.o [1]
  .text              ro code   0x800'1414     0x4  startup_stm32l412xx.o [1]
  .text              ro code   0x800'1418     0x4  startup_stm32l412xx.o [1]
  .text              ro code   0x800'141c     0x4  startup_stm32l412xx.o [1]
  .text              ro code   0x800'1420     0x4  startup_stm32l412xx.o [1]
  .text              ro code   0x800'1424     0x4  startup_stm32l412xx.o [1]
  .text              ro code   0x800'1428     0x4  startup_stm32l412xx.o [1]
  .text              ro code   0x800'142c     0x4  startup_stm32l412xx.o [1]
  .text              ro code   0x800'1430     0x4  startup_stm32l412xx.o [1]
  .text              ro code   0x800'1434     0x4  startup_stm32l412xx.o [1]
  .text              ro code   0x800'1438     0x4  startup_stm32l412xx.o [1]
  .text              ro code   0x800'143c     0x4  startup_stm32l412xx.o [1]
  .text              ro code   0x800'1440     0x4  startup_stm32l412xx.o [1]
  .text              ro code   0x800'1444     0x4  startup_stm32l412xx.o [1]
  .text              ro code   0x800'1448     0x4  startup_stm32l412xx.o [1]
  .text              ro code   0x800'144c     0x4  startup_stm32l412xx.o [1]
  .text              ro code   0x800'1450     0x4  startup_stm32l412xx.o [1]
  .text              ro code   0x800'1454     0x4  startup_stm32l412xx.o [1]
  .text              ro code   0x800'1458     0x4  startup_stm32l412xx.o [1]
  .text              ro code   0x800'145c     0x4  startup_stm32l412xx.o [1]
  .text              ro code   0x800'1460     0x4  startup_stm32l412xx.o [1]
  .text              ro code   0x800'1464     0x4  startup_stm32l412xx.o [1]
  .text              ro code   0x800'1468     0x4  startup_stm32l412xx.o [1]
  .text              ro code   0x800'146c     0x4  startup_stm32l412xx.o [1]
  .text              ro code   0x800'1470     0x4  startup_stm32l412xx.o [1]
  .text              ro code   0x800'1474     0x4  startup_stm32l412xx.o [1]
  .text              ro code   0x800'1478     0x4  startup_stm32l412xx.o [1]
  .text              ro code   0x800'147c     0x4  startup_stm32l412xx.o [1]
  .text              ro code   0x800'1480     0x4  startup_stm32l412xx.o [1]
  .text              ro code   0x800'1484     0x4  startup_stm32l412xx.o [1]
  .text              ro code   0x800'1488     0x4  startup_stm32l412xx.o [1]
  .text              ro code   0x800'148c     0x4  startup_stm32l412xx.o [1]
  .text              ro code   0x800'1490     0x4  startup_stm32l412xx.o [1]
  .text              ro code   0x800'1494     0x4  startup_stm32l412xx.o [1]
  .text              ro code   0x800'1498     0x4  startup_stm32l412xx.o [1]
  .text              ro code   0x800'149c     0x4  startup_stm32l412xx.o [1]
  .text              ro code   0x800'14a0     0x4  startup_stm32l412xx.o [1]
  .text              ro code   0x800'14a4     0x4  startup_stm32l412xx.o [1]
  .text              ro code   0x800'14a8     0x4  startup_stm32l412xx.o [1]
  .text              ro code   0x800'14ac     0x4  startup_stm32l412xx.o [1]
  .text              ro code   0x800'14b0     0x4  startup_stm32l412xx.o [1]
  .rodata            const     0x800'14b4     0x0  packbits_init_single.o [4]
  Initializer bytes  const     0x800'14b4     0xb  <for P2-1>
                             - 0x800'14bf  0x1333

"P2", part 1 of 2:                           0x28
  P2-1                        0x2000'0000    0x28  <Init block>
    .data            inited   0x2000'0000    0x22  main.o [1]
    .data            inited   0x2000'0024     0x4  system_stm32l4xx.o [1]
                            - 0x2000'0028    0x28

"P2", part 2 of 2:                          0x400
  CSTACK                      0x2000'0028   0x400  <Block>
    CSTACK           uninit   0x2000'0028   0x400  <Block tail>
                            - 0x2000'0428   0x400

Unused ranges:

         From           To      Size
         ----           --      ----
   0x800'14bf   0x801'ffff  0x1'eb41
  0x2000'0428  0x2000'9fff    0x9bd8


*******************************************************************************
*** INIT TABLE
***

          Address      Size
          -------      ----
Copy/packbits (__iar_packbits_init_single3)
    1 source range, total size 0xb (27% of destination):
           0x800'14b4   0xb
    1 destination range, total size 0x28:
          0x2000'0000  0x28



*******************************************************************************
*** MODULE SUMMARY
***

    Module                  ro code  ro data  rw data
    ------                  -------  -------  -------
command line/config:
    -------------------------------------------------
    Total:

C:\Users\dev\Documents\STM_projecti\firsttest\EWARM\Documents\Obj: [1]
    main.o                    1'788        9       34
    startup_stm32l412xx.o       624
    stm32l4xx_it.o               80
    stm32l4xx_ll_adc.o          196
    stm32l4xx_ll_exti.o         316
    stm32l4xx_ll_gpio.o         250
    stm32l4xx_ll_rcc.o          484
    stm32l4xx_ll_tim.o          840
    stm32l4xx_ll_usart.o        176
    stm32l4xx_ll_utils.o         40
    system_stm32l4xx.o           92       58        4
    -------------------------------------------------
    Total:                    4'886       67       38

dl7M_tln.a: [2]
    exit.o                        4
    low_level_init.o              4
    -------------------------------------------------
    Total:                        8

m7M_tls.a: [3]
    fpinit_M.o                   34
    -------------------------------------------------
    Total:                       34

rt7M_tl.a: [4]
    ABImemset.o                 102
    cexit.o                      10
    cmain.o                      30
    cstartup_M.o                 12
    data_init.o                  40
    memset.o                     20
    packbits_init_single.o       56
    -------------------------------------------------
    Total:                      270

shb_l.a: [5]
    exit.o                       20
    -------------------------------------------------
    Total:                       20

    Gaps                          8        2        2
    Linker created                        16    1'024
-----------------------------------------------------
    Grand Total:              5'226       85    1'064


*******************************************************************************
*** ENTRY LIST
***

Entry                       Address   Size  Type      Object
-----                       -------   ----  ----      ------
.iar.init_table$$Base    0x800'1364          --   Gb  - Linker created -
.iar.init_table$$Limit   0x800'1374          --   Gb  - Linker created -
?main                    0x800'1375         Code  Gb  cmain.o [4]
AHBPrescTable            0x800'1250   0x10  Data  Gb  system_stm32l4xx.o [1]
APBPrescTable            0x800'13d8    0x8  Data  Gb  system_stm32l4xx.o [1]
BusFault_Handler         0x800'1267    0x2  Code  Gb  stm32l4xx_it.o [1]
CSTACK$$Base            0x2000'0028          --   Gb  - Linker created -
CSTACK$$Limit           0x2000'0428          --   Gb  - Linker created -
DMA1_Channel1_IRQHandler
                         0x800'1273   0x12  Code  Gb  stm32l4xx_it.o [1]
DMA1_Channel2_IRQHandler
                         0x800'1285   0x14  Code  Gb  stm32l4xx_it.o [1]
DebugMon_Handler         0x800'126d    0x2  Code  Gb  stm32l4xx_it.o [1]
EXTI15_10_IRQHandler     0x800'1299   0x10  Code  Gb  stm32l4xx_it.o [1]
HardFault_Handler        0x800'1263    0x2  Code  Gb  stm32l4xx_it.o [1]
LL_ADC_CommonInit        0x800'0ecd   0x3e  Code  Gb  stm32l4xx_ll_adc.o [1]
LL_ADC_Init              0x800'0f0b   0x26  Code  Gb  stm32l4xx_ll_adc.o [1]
LL_ADC_REG_Init          0x800'0f31   0x4c  Code  Gb  stm32l4xx_ll_adc.o [1]
LL_AHB2_GRP1_EnableClock
                         0x800'01f5    0x6  Code  Lc  main.o [1]
LL_APB1_GRP1_EnableClock
                         0x800'01fb    0x4  Code  Lc  main.o [1]
LL_APB2_GRP1_EnableClock
                         0x800'0213    0x6  Code  Lc  main.o [1]
LL_EXTI_Init             0x800'089d  0x134  Code  Gb  stm32l4xx_ll_exti.o [1]
LL_GPIO_Init             0x800'09d9   0xb6  Code  Gb  stm32l4xx_ll_gpio.o [1]
LL_Init1msTick           0x800'0f91   0x18  Code  Gb  stm32l4xx_ll_utils.o [1]
LL_RCC_GetUSARTClockFreq
                         0x800'1021   0xb6  Code  Gb  stm32l4xx_ll_rcc.o [1]
LL_SetSystemCoreClock    0x800'0fa9    0x6  Code  Gb  stm32l4xx_ll_utils.o [1]
LL_TIM_BDTR_Init         0x800'0e4f   0x62  Code  Gb  stm32l4xx_ll_tim.o [1]
LL_TIM_Init              0x800'0b85   0x5e  Code  Gb  stm32l4xx_ll_tim.o [1]
LL_TIM_OC_Init           0x800'0be3  0x26c  Code  Gb  stm32l4xx_ll_tim.o [1]
LL_USART_Init            0x800'0ad5   0x9c  Code  Gb  stm32l4xx_ll_usart.o [1]
MSIRangeTable            0x800'12e8   0x30  Data  Gb  system_stm32l4xx.o [1]
MemManage_Handler        0x800'1265    0x2  Code  Gb  stm32l4xx_it.o [1]
NMI_Handler              0x800'1261    0x2  Code  Gb  stm32l4xx_it.o [1]
NVIC_EncodePriority      0x800'01c3   0x32  Code  Lc  main.o [1]
PendSV_Handler           0x800'126f    0x2  Code  Gb  stm32l4xx_it.o [1]
RCC_GetHCLKClockFreq     0x800'1131    0xc  Code  Gb  stm32l4xx_ll_rcc.o [1]
RCC_GetPCLK1ClockFreq    0x800'113d    0xa  Code  Gb  stm32l4xx_ll_rcc.o [1]
RCC_GetPCLK2ClockFreq    0x800'114d    0xc  Code  Gb  stm32l4xx_ll_rcc.o [1]
RCC_GetSystemClockFreq   0x800'10d7   0x5a  Code  Gb  stm32l4xx_ll_rcc.o [1]
RCC_PLL_GetFreqDomain_SYS
                         0x800'1159   0x54  Code  Gb  stm32l4xx_ll_rcc.o [1]
Region$$Table$$Base      0x800'1364          --   Gb  - Linker created -
Region$$Table$$Limit     0x800'1374          --   Gb  - Linker created -
SVC_Handler              0x800'126b    0x2  Code  Gb  stm32l4xx_it.o [1]
SysTick_Handler          0x800'1271    0x2  Code  Gb  stm32l4xx_it.o [1]
SystemClock_Config       0x800'073f   0xbe  Code  Gb  main.o [1]
SystemCoreClock         0x2000'0024    0x4  Data  Gb  system_stm32l4xx.o [1]
SystemInit               0x800'1205   0x3c  Code  Gb  system_stm32l4xx.o [1]
UsageFault_Handler       0x800'1269    0x2  Code  Gb  stm32l4xx_it.o [1]
__NVIC_EnableIRQ         0x800'018d   0x18  Code  Lc  main.o [1]
__NVIC_SetPriority       0x800'01a5   0x1e  Code  Lc  main.o [1]
__aeabi_memset           0x800'0fb9         Code  Gb  ABImemset.o [4]
__cmain                  0x800'1375         Code  Gb  cmain.o [4]
__exit                   0x800'13a9   0x14  Code  Gb  exit.o [5]
__iar_Memset             0x800'0fb9         Code  Gb  ABImemset.o [4]
__iar_Memset_word        0x800'0fc1         Code  Gb  ABImemset.o [4]
__iar_data_init3         0x800'1319   0x28  Code  Gb  data_init.o [4]
__iar_init_vfp           0x800'1341         Code  Gb  fpinit_M.o [3]
__iar_packbits_init_single3
                         0x800'12b1   0x38  Code  Gb  packbits_init_single.o [4]
__iar_program_start      0x800'13cd         Code  Gb  cstartup_M.o [4]
__low_level_init         0x800'1393    0x4  Code  Gb  low_level_init.o [2]
__vector_table           0x800'0000         Data  Gb  startup_stm32l412xx.o [1]
_call_main               0x800'1381         Code  Gb  cmain.o [4]
_exit                    0x800'139d         Code  Gb  cexit.o [4]
_main                    0x800'138f         Code  Gb  cmain.o [4]
exit                     0x800'1397    0x4  Code  Gb  exit.o [2]
main                     0x800'0219  0x4f2  Code  Gb  main.o [1]
memset                   0x800'0889   0x14  Code  Gb  memset.o [4]
num                     0x2000'0020    0x2  Data  Gb  main.o [1]
uhADCxConvertedData     0x2000'0000   0x20  Data  Gb  main.o [1]


[1] = C:\Users\dev\Documents\STM_projecti\firsttest\EWARM\Documents\Obj
[2] = dl7M_tln.a
[3] = m7M_tls.a
[4] = rt7M_tl.a
[5] = shb_l.a

  5'226 bytes of readonly  code memory
     85 bytes of readonly  data memory
  1'064 bytes of readwrite data memory

Errors: none
Warnings: none
