###############################################################################
#
# IAR ELF Linker V8.40.1.212/W32 for ARM                  24/Feb/2021  22:55:43
# Copyright 2007-2019 IAR Systems AB.
#
#    Output file  =
#        C:\Users\dev\Documents\STM_projecti\led_indicator\EWARM\led_indicator\Exe\led_indicator.out
#    Map file     =
#        C:\Users\dev\Documents\STM_projecti\led_indicator\EWARM\led_indicator\List\led_indicator.map
#    Command line =
#        -f C:\Users\75BD~1\AppData\Local\Temp\EWF07F.tmp
#        (C:\Users\dev\Documents\STM_projecti\led_indicator\EWARM\led_indicator\Obj\gpio.o
#        C:\Users\dev\Documents\STM_projecti\led_indicator\EWARM\led_indicator\Obj\lptim.o
#        C:\Users\dev\Documents\STM_projecti\led_indicator\EWARM\led_indicator\Obj\main.o
#        C:\Users\dev\Documents\STM_projecti\led_indicator\EWARM\led_indicator\Obj\startup_stm32l412xx.o
#        C:\Users\dev\Documents\STM_projecti\led_indicator\EWARM\led_indicator\Obj\stm32l4xx_it.o
#        C:\Users\dev\Documents\STM_projecti\led_indicator\EWARM\led_indicator\Obj\stm32l4xx_ll_dma.o
#        C:\Users\dev\Documents\STM_projecti\led_indicator\EWARM\led_indicator\Obj\stm32l4xx_ll_exti.o
#        C:\Users\dev\Documents\STM_projecti\led_indicator\EWARM\led_indicator\Obj\stm32l4xx_ll_gpio.o
#        C:\Users\dev\Documents\STM_projecti\led_indicator\EWARM\led_indicator\Obj\stm32l4xx_ll_lptim.o
#        C:\Users\dev\Documents\STM_projecti\led_indicator\EWARM\led_indicator\Obj\stm32l4xx_ll_pwr.o
#        C:\Users\dev\Documents\STM_projecti\led_indicator\EWARM\led_indicator\Obj\stm32l4xx_ll_rcc.o
#        C:\Users\dev\Documents\STM_projecti\led_indicator\EWARM\led_indicator\Obj\stm32l4xx_ll_usart.o
#        C:\Users\dev\Documents\STM_projecti\led_indicator\EWARM\led_indicator\Obj\stm32l4xx_ll_utils.o
#        C:\Users\dev\Documents\STM_projecti\led_indicator\EWARM\led_indicator\Obj\system_stm32l4xx.o
#        C:\Users\dev\Documents\STM_projecti\led_indicator\EWARM\led_indicator\Obj\usart.o
#        --redirect _Printf=_PrintfFull --redirect _Scanf=_ScanfFull
#        --no_out_extension -o
#        C:\Users\dev\Documents\STM_projecti\led_indicator\EWARM\led_indicator\Exe\led_indicator.out
#        --map
#        C:\Users\dev\Documents\STM_projecti\led_indicator\EWARM\led_indicator\List\led_indicator.map
#        --config
#        C:\Users\dev\Documents\STM_projecti\led_indicator\EWARM/stm32l412xx_flash.icf
#        --semihosting --entry __iar_program_start --vfe --text_out locale)
#
###############################################################################

*******************************************************************************
*** RUNTIME MODEL ATTRIBUTES
***

CppFlavor       = *
__SystemLibrary = DLib
__dlib_version  = 6


*******************************************************************************
*** HEAP SELECTION
***

The basic heap was selected because no calls to memory allocation
functions were found in the application outside of system library
functions, and there are calls to deallocation functions in the
application.


*******************************************************************************
*** PLACEMENT SUMMARY
***

"A0":  place at address 0x800'0000 { ro section .intvec };
"P1":  place in [from 0x800'0000 to 0x801'ffff] { ro };
define block CSTACK with size = 1K, alignment = 8 { };
define block HEAP with size = 512, alignment = 8 { };
"P2":  place in [from 0x2000'0000 to 0x2000'9fff] {
          rw, block CSTACK, block HEAP };
initialize by copy { rw };

  Section            Kind         Address   Size  Object
  -------            ----         -------   ----  ------
"A0":                                      0x18c
  .intvec            ro code   0x800'0000  0x18c  startup_stm32l412xx.o [1]
                             - 0x800'018c  0x18c

"P1":                                      0xe74
  .text              ro code   0x800'018c  0x204  stm32l4xx_ll_rcc.o [1]
  .text              ro code   0x800'0390  0x1c8  main.o [1]
  .text              ro code   0x800'0558   0xe8  gpio.o [1]
  .text              ro code   0x800'0640  0x160  lptim.o [1]
  .text              ro code   0x800'07a0   0xa4  usart.o [1]
  .text              ro code   0x800'0844   0x28  stm32l4xx_ll_utils.o [1]
  .text              ro code   0x800'086c   0x14  memset.o [4]
  .text              ro code   0x800'0880  0x13c  stm32l4xx_ll_exti.o [1]
  .text              ro code   0x800'09bc   0xfa  stm32l4xx_ll_gpio.o [1]
  .text              ro code   0x800'0ab6   0x2e  copy_init3.o [4]
  .text              ro code   0x800'0ae4  0x174  stm32l4xx_ll_lptim.o [1]
  .text              ro code   0x800'0c58   0xb0  stm32l4xx_ll_usart.o [1]
  .text              ro code   0x800'0d08   0x66  ABImemset.o [4]
  .text              ro code   0x800'0d70   0x5c  system_stm32l4xx.o [1]
  .text              ro code   0x800'0dcc   0x58  stm32l4xx_it.o [1]
  .rodata            const     0x800'0e24   0x30  system_stm32l4xx.o [1]
  .text              ro code   0x800'0e54   0x28  data_init.o [4]
  .text              ro code   0x800'0e7c   0x22  fpinit_M.o [3]
  .iar.init_table    const     0x800'0ea0   0x14  - Linker created -
  .text              ro code   0x800'0eb4   0x1e  cmain.o [4]
  .text              ro code   0x800'0ed2    0x4  low_level_init.o [2]
  .text              ro code   0x800'0ed6    0x4  exit.o [2]
  .text              ro code   0x800'0edc    0xa  cexit.o [4]
  .text              ro code   0x800'0ee8   0x14  exit.o [5]
  .text              ro code   0x800'0efc   0x10  startup_stm32l412xx.o [1]
  .text              ro code   0x800'0f0c    0xc  cstartup_M.o [4]
  .rodata            const     0x800'0f18    0x8  system_stm32l4xx.o [1]
  .text              ro code   0x800'0f20    0x4  startup_stm32l412xx.o [1]
  .text              ro code   0x800'0f24    0x4  startup_stm32l412xx.o [1]
  .text              ro code   0x800'0f28    0x4  startup_stm32l412xx.o [1]
  .text              ro code   0x800'0f2c    0x4  startup_stm32l412xx.o [1]
  .text              ro code   0x800'0f30    0x4  startup_stm32l412xx.o [1]
  .text              ro code   0x800'0f34    0x4  startup_stm32l412xx.o [1]
  .text              ro code   0x800'0f38    0x4  startup_stm32l412xx.o [1]
  .text              ro code   0x800'0f3c    0x4  startup_stm32l412xx.o [1]
  .text              ro code   0x800'0f40    0x4  startup_stm32l412xx.o [1]
  .text              ro code   0x800'0f44    0x4  startup_stm32l412xx.o [1]
  .text              ro code   0x800'0f48    0x4  startup_stm32l412xx.o [1]
  .text              ro code   0x800'0f4c    0x4  startup_stm32l412xx.o [1]
  .text              ro code   0x800'0f50    0x4  startup_stm32l412xx.o [1]
  .text              ro code   0x800'0f54    0x4  startup_stm32l412xx.o [1]
  .text              ro code   0x800'0f58    0x4  startup_stm32l412xx.o [1]
  .text              ro code   0x800'0f5c    0x4  startup_stm32l412xx.o [1]
  .text              ro code   0x800'0f60    0x4  startup_stm32l412xx.o [1]
  .text              ro code   0x800'0f64    0x4  startup_stm32l412xx.o [1]
  .text              ro code   0x800'0f68    0x4  startup_stm32l412xx.o [1]
  .text              ro code   0x800'0f6c    0x4  startup_stm32l412xx.o [1]
  .text              ro code   0x800'0f70    0x4  startup_stm32l412xx.o [1]
  .text              ro code   0x800'0f74    0x4  startup_stm32l412xx.o [1]
  .text              ro code   0x800'0f78    0x4  startup_stm32l412xx.o [1]
  .text              ro code   0x800'0f7c    0x4  startup_stm32l412xx.o [1]
  .text              ro code   0x800'0f80    0x4  startup_stm32l412xx.o [1]
  .text              ro code   0x800'0f84    0x4  startup_stm32l412xx.o [1]
  .text              ro code   0x800'0f88    0x4  startup_stm32l412xx.o [1]
  .text              ro code   0x800'0f8c    0x4  startup_stm32l412xx.o [1]
  .text              ro code   0x800'0f90    0x4  startup_stm32l412xx.o [1]
  .text              ro code   0x800'0f94    0x4  startup_stm32l412xx.o [1]
  .text              ro code   0x800'0f98    0x4  startup_stm32l412xx.o [1]
  .text              ro code   0x800'0f9c    0x4  startup_stm32l412xx.o [1]
  .text              ro code   0x800'0fa0    0x4  startup_stm32l412xx.o [1]
  .text              ro code   0x800'0fa4    0x4  startup_stm32l412xx.o [1]
  .text              ro code   0x800'0fa8    0x4  startup_stm32l412xx.o [1]
  .text              ro code   0x800'0fac    0x4  startup_stm32l412xx.o [1]
  .text              ro code   0x800'0fb0    0x4  startup_stm32l412xx.o [1]
  .text              ro code   0x800'0fb4    0x4  startup_stm32l412xx.o [1]
  .text              ro code   0x800'0fb8    0x4  startup_stm32l412xx.o [1]
  .text              ro code   0x800'0fbc    0x4  startup_stm32l412xx.o [1]
  .text              ro code   0x800'0fc0    0x4  startup_stm32l412xx.o [1]
  .text              ro code   0x800'0fc4    0x4  startup_stm32l412xx.o [1]
  .text              ro code   0x800'0fc8    0x4  startup_stm32l412xx.o [1]
  .text              ro code   0x800'0fcc    0x4  startup_stm32l412xx.o [1]
  .text              ro code   0x800'0fd0    0x4  startup_stm32l412xx.o [1]
  .text              ro code   0x800'0fd4    0x4  startup_stm32l412xx.o [1]
  .text              ro code   0x800'0fd8    0x4  startup_stm32l412xx.o [1]
  .text              ro code   0x800'0fdc    0x4  startup_stm32l412xx.o [1]
  .text              ro code   0x800'0fe0    0x4  startup_stm32l412xx.o [1]
  .text              ro code   0x800'0fe4    0x4  startup_stm32l412xx.o [1]
  .text              ro code   0x800'0fe8    0x4  startup_stm32l412xx.o [1]
  .text              ro code   0x800'0fec    0x4  startup_stm32l412xx.o [1]
  .text              ro code   0x800'0ff0    0x4  startup_stm32l412xx.o [1]
  .text              ro code   0x800'0ff4    0x4  startup_stm32l412xx.o [1]
  .text              ro code   0x800'0ff8    0x4  startup_stm32l412xx.o [1]
  Initializer bytes  const     0x800'0ffc    0x4  <for P2-1>
  .rodata            const     0x800'1000    0x0  copy_init3.o [4]
                             - 0x800'1000  0xe74

"P2", part 1 of 2:                           0x4
  P2-1                        0x2000'0000    0x4  <Init block>
    .data            inited   0x2000'0000    0x4  system_stm32l4xx.o [1]
                            - 0x2000'0004    0x4

"P2", part 2 of 2:                         0x400
  CSTACK                      0x2000'0008  0x400  <Block>
    CSTACK           uninit   0x2000'0008  0x400  <Block tail>
                            - 0x2000'0408  0x400

Unused ranges:

         From           To      Size
         ----           --      ----
   0x800'1000   0x801'ffff  0x1'f000
  0x2000'0004  0x2000'0007       0x4
  0x2000'0408  0x2000'9fff    0x9bf8


*******************************************************************************
*** INIT TABLE
***

          Address      Size
          -------      ----
Copy (__iar_copy_init3)
    1 source range, total size 0x4:
           0x800'0ffc   0x4
    1 destination range, total size 0x4:
          0x2000'0000   0x4



*******************************************************************************
*** MODULE SUMMARY
***

    Module                 ro code  ro data  rw data
    ------                 -------  -------  -------
command line/config:
    ------------------------------------------------
    Total:

C:\Users\dev\Documents\STM_projecti\led_indicator\EWARM\led_indicator\Obj: [1]
    gpio.o                     232
    lptim.o                    352
    main.o                     456
    startup_stm32l412xx.o      632
    stm32l4xx_it.o              88
    stm32l4xx_ll_exti.o        316
    stm32l4xx_ll_gpio.o        250
    stm32l4xx_ll_lptim.o       372
    stm32l4xx_ll_rcc.o         516
    stm32l4xx_ll_usart.o       176
    stm32l4xx_ll_utils.o        40
    system_stm32l4xx.o          92       60        4
    usart.o                    164
    ------------------------------------------------
    Total:                   3'686       60        4

dl7M_tln.a: [2]
    exit.o                       4
    low_level_init.o             4
    ------------------------------------------------
    Total:                       8

m7M_tls.a: [3]
    fpinit_M.o                  34
    ------------------------------------------------
    Total:                      34

rt7M_tl.a: [4]
    ABImemset.o                102
    cexit.o                     10
    cmain.o                     30
    copy_init3.o                46
    cstartup_M.o                12
    data_init.o                 40
    memset.o                    20
    ------------------------------------------------
    Total:                     260

shb_l.a: [5]
    exit.o                      20
    ------------------------------------------------
    Total:                      20

    Gaps                         6        2
    Linker created                       20    1'024
----------------------------------------------------
    Grand Total:             4'014       82    1'028


*******************************************************************************
*** ENTRY LIST
***

Entry                       Address   Size  Type      Object
-----                       -------   ----  ----      ------
.iar.init_table$$Base    0x800'0ea0          --   Gb  - Linker created -
.iar.init_table$$Limit   0x800'0eb4          --   Gb  - Linker created -
?main                    0x800'0eb5         Code  Gb  cmain.o [4]
AHBPrescTable            0x800'0dbc   0x10  Data  Gb  system_stm32l4xx.o [1]
APBPrescTable            0x800'0f18    0x8  Data  Gb  system_stm32l4xx.o [1]
BusFault_Handler         0x800'0dd3    0x2  Code  Gb  stm32l4xx_it.o [1]
CSTACK$$Base            0x2000'0008          --   Gb  - Linker created -
CSTACK$$Limit           0x2000'0408          --   Gb  - Linker created -
DebugMon_Handler         0x800'0dd9    0x2  Code  Gb  stm32l4xx_it.o [1]
HardFault_Handler        0x800'0dcf    0x2  Code  Gb  stm32l4xx_it.o [1]
LL_AHB2_GRP1_EnableClock
                         0x800'0559   0x16  Code  Lc  gpio.o [1]
LL_EXTI_Init             0x800'0881  0x134  Code  Gb  stm32l4xx_ll_exti.o [1]
LL_GPIO_Init             0x800'09bd   0xb6  Code  Gb  stm32l4xx_ll_gpio.o [1]
LL_Init1msTick           0x800'0845   0x18  Code  Gb  stm32l4xx_ll_utils.o [1]
LL_LPTIM_DeInit          0x800'0af7   0x3c  Code  Gb  stm32l4xx_ll_lptim.o [1]
LL_LPTIM_Disable         0x800'0b33  0x100  Code  Gb  stm32l4xx_ll_lptim.o [1]
LL_RCC_GetSystemClocksFreq
                         0x800'018d   0x20  Code  Gb  stm32l4xx_ll_rcc.o [1]
LL_RCC_GetUSARTClockFreq
                         0x800'01ad   0xb6  Code  Gb  stm32l4xx_ll_rcc.o [1]
LL_RCC_SetLPTIMClockSource
                         0x800'0391   0x12  Code  Lc  main.o [1]
LL_RCC_SetLPTIMClockSource
                         0x800'0ae5   0x12  Code  Lc  stm32l4xx_ll_lptim.o [1]
LL_SetSystemCoreClock    0x800'085d    0x6  Code  Gb  stm32l4xx_ll_utils.o [1]
LL_USART_Init            0x800'0c59   0x9c  Code  Gb  stm32l4xx_ll_usart.o [1]
LPTIM1_IRQHandler        0x800'0ddf   0x38  Code  Gb  stm32l4xx_it.o [1]
MSIRangeTable            0x800'0e24   0x30  Data  Gb  system_stm32l4xx.o [1]
MX_GPIO_Init             0x800'056f   0xb6  Code  Gb  gpio.o [1]
MX_LPTIM1_Init           0x800'0641   0x5c  Code  Gb  lptim.o [1]
MX_LPTIM2_Init           0x800'069d   0x90  Code  Gb  lptim.o [1]
MX_USART2_UART_Init      0x800'07a1   0xa4  Code  Gb  usart.o [1]
MemManage_Handler        0x800'0dd1    0x2  Code  Gb  stm32l4xx_it.o [1]
NMI_Handler              0x800'0dcd    0x2  Code  Gb  stm32l4xx_it.o [1]
PendSV_Handler           0x800'0ddb    0x2  Code  Gb  stm32l4xx_it.o [1]
RCC_GetHCLKClockFreq     0x800'02bd    0xc  Code  Gb  stm32l4xx_ll_rcc.o [1]
RCC_GetPCLK1ClockFreq    0x800'02c9    0xa  Code  Gb  stm32l4xx_ll_rcc.o [1]
RCC_GetPCLK2ClockFreq    0x800'02d9    0xc  Code  Gb  stm32l4xx_ll_rcc.o [1]
RCC_GetSystemClockFreq   0x800'0263   0x5a  Code  Gb  stm32l4xx_ll_rcc.o [1]
RCC_PLL_GetFreqDomain_SYS
                         0x800'02e5   0x54  Code  Gb  stm32l4xx_ll_rcc.o [1]
Region$$Table$$Base      0x800'0ea0          --   Gb  - Linker created -
Region$$Table$$Limit     0x800'0eb4          --   Gb  - Linker created -
SVC_Handler              0x800'0dd7    0x2  Code  Gb  stm32l4xx_it.o [1]
Start_LPTIM2_Counter     0x800'072d   0x54  Code  Gb  lptim.o [1]
SysTick_Handler          0x800'0ddd    0x2  Code  Gb  stm32l4xx_it.o [1]
SystemClock_Config       0x800'0433   0xf6  Code  Gb  main.o [1]
SystemCoreClock         0x2000'0000    0x4  Data  Gb  system_stm32l4xx.o [1]
SystemInit               0x800'0d71   0x3c  Code  Gb  system_stm32l4xx.o [1]
UsageFault_Handler       0x800'0dd5    0x2  Code  Gb  stm32l4xx_it.o [1]
__aeabi_memset           0x800'0d09         Code  Gb  ABImemset.o [4]
__cmain                  0x800'0eb5         Code  Gb  cmain.o [4]
__exit                   0x800'0ee9   0x14  Code  Gb  exit.o [5]
__iar_Memset             0x800'0d09         Code  Gb  ABImemset.o [4]
__iar_Memset_word        0x800'0d11         Code  Gb  ABImemset.o [4]
__iar_copy_init3         0x800'0ab7   0x2e  Code  Gb  copy_init3.o [4]
__iar_data_init3         0x800'0e55   0x28  Code  Gb  data_init.o [4]
__iar_init_vfp           0x800'0e7d         Code  Gb  fpinit_M.o [3]
__iar_program_start      0x800'0f0d         Code  Gb  cstartup_M.o [4]
__low_level_init         0x800'0ed3    0x4  Code  Gb  low_level_init.o [2]
__vector_table           0x800'0000         Data  Gb  startup_stm32l412xx.o [1]
_call_main               0x800'0ec1         Code  Gb  cmain.o [4]
_exit                    0x800'0edd         Code  Gb  cexit.o [4]
_main                    0x800'0ecf         Code  Gb  cmain.o [4]
exit                     0x800'0ed7    0x4  Code  Gb  exit.o [2]
main                     0x800'03a3   0x90  Code  Gb  main.o [1]
memset                   0x800'086d   0x14  Code  Gb  memset.o [4]


[1] = C:\Users\dev\Documents\STM_projecti\led_indicator\EWARM\led_indicator\Obj
[2] = dl7M_tln.a
[3] = m7M_tls.a
[4] = rt7M_tl.a
[5] = shb_l.a

  4'014 bytes of readonly  code memory
     82 bytes of readonly  data memory
  1'028 bytes of readwrite data memory

Errors: none
Warnings: none
