###############################################################################
#
# IAR ELF Linker V8.40.1.212/W32 for ARM                  03/Mar/2021  09:37:23
# Copyright 2007-2019 IAR Systems AB.
#
#    Output file  =
#        C:\Users\dev\Documents\STM_projecti\firsttest\EWARM\led_indicator\Exe\led_indicator.out
#    Map file     =
#        C:\Users\dev\Documents\STM_projecti\firsttest\EWARM\led_indicator\List\led_indicator.map
#    Command line =
#        -f C:\Users\75BD~1\AppData\Local\Temp\EW8056.tmp
#        (C:\Users\dev\Documents\STM_projecti\firsttest\EWARM\led_indicator\Obj\gpio.o
#        C:\Users\dev\Documents\STM_projecti\firsttest\EWARM\led_indicator\Obj\lptim.o
#        C:\Users\dev\Documents\STM_projecti\firsttest\EWARM\led_indicator\Obj\main.o
#        C:\Users\dev\Documents\STM_projecti\firsttest\EWARM\led_indicator\Obj\startup_stm32l412xx.o
#        C:\Users\dev\Documents\STM_projecti\firsttest\EWARM\led_indicator\Obj\stm32l4xx_it.o
#        C:\Users\dev\Documents\STM_projecti\firsttest\EWARM\led_indicator\Obj\stm32l4xx_ll_dma.o
#        C:\Users\dev\Documents\STM_projecti\firsttest\EWARM\led_indicator\Obj\stm32l4xx_ll_exti.o
#        C:\Users\dev\Documents\STM_projecti\firsttest\EWARM\led_indicator\Obj\stm32l4xx_ll_gpio.o
#        C:\Users\dev\Documents\STM_projecti\firsttest\EWARM\led_indicator\Obj\stm32l4xx_ll_lptim.o
#        C:\Users\dev\Documents\STM_projecti\firsttest\EWARM\led_indicator\Obj\stm32l4xx_ll_pwr.o
#        C:\Users\dev\Documents\STM_projecti\firsttest\EWARM\led_indicator\Obj\stm32l4xx_ll_rcc.o
#        C:\Users\dev\Documents\STM_projecti\firsttest\EWARM\led_indicator\Obj\stm32l4xx_ll_usart.o
#        C:\Users\dev\Documents\STM_projecti\firsttest\EWARM\led_indicator\Obj\stm32l4xx_ll_utils.o
#        C:\Users\dev\Documents\STM_projecti\firsttest\EWARM\led_indicator\Obj\system_stm32l4xx.o
#        C:\Users\dev\Documents\STM_projecti\firsttest\EWARM\led_indicator\Obj\usart.o
#        C:\Users\dev\Documents\STM_projecti\firsttest\EWARM\led_indicator\Obj\WVT_LED.o
#        --redirect _Printf=_PrintfFull --redirect _Scanf=_ScanfFull
#        --no_out_extension -o
#        C:\Users\dev\Documents\STM_projecti\firsttest\EWARM\led_indicator\Exe\led_indicator.out
#        --map
#        C:\Users\dev\Documents\STM_projecti\firsttest\EWARM\led_indicator\List\led_indicator.map
#        --config
#        C:\Users\dev\Documents\STM_projecti\firsttest\EWARM/stm32l412xx_flash.icf
#        --semihosting --entry __iar_program_start --vfe --text_out locale)
#
###############################################################################

*******************************************************************************
*** RUNTIME MODEL ATTRIBUTES
***

CppFlavor       = *
__SystemLibrary = DLib
__dlib_version  = 6


*******************************************************************************
*** HEAP SELECTION
***

The basic heap was selected because no calls to memory allocation
functions were found in the application outside of system library
functions, and there are calls to deallocation functions in the
application.


*******************************************************************************
*** PLACEMENT SUMMARY
***

"A0":  place at address 0x800'0000 { ro section .intvec };
"P1":  place in [from 0x800'0000 to 0x801'ffff] { ro };
define block CSTACK with size = 1K, alignment = 8 { };
define block HEAP with size = 512, alignment = 8 { };
"P2":  place in [from 0x2000'0000 to 0x2000'9fff] {
          rw, block CSTACK, block HEAP };
initialize by copy { rw };

  Section            Kind         Address   Size  Object
  -------            ----         -------   ----  ------
"A0":                                      0x18c
  .intvec            ro code   0x800'0000  0x18c  startup_stm32l412xx.o [1]
                             - 0x800'018c  0x18c

"P1":                                      0xed8
  .text              ro code   0x800'018c  0x214  lptim.o [1]
  .text              ro code   0x800'03a0   0x14  memset.o [4]
  .text              ro code   0x800'03b4  0x122  stm32l4xx_ll_gpio.o [1]
  .text              ro code   0x800'04d6   0x2e  copy_init3.o [4]
  .text              ro code   0x800'0504   0x66  ABImemset.o [4]
  .text              ro code   0x800'056c  0x210  stm32l4xx_ll_rcc.o [1]
  .text              ro code   0x800'077c  0x1e0  main.o [1]
  .text              ro code   0x800'095c   0xe8  gpio.o [1]
  .text              ro code   0x800'0a44   0xa4  usart.o [1]
  .text              ro code   0x800'0ae8   0xec  WVT_LED.o [1]
  .text              ro code   0x800'0bd4   0x28  stm32l4xx_ll_utils.o [1]
  .text              ro code   0x800'0bfc  0x13c  stm32l4xx_ll_exti.o [1]
  .text              ro code   0x800'0d38   0xb0  stm32l4xx_ll_usart.o [1]
  .text              ro code   0x800'0de8   0x5c  system_stm32l4xx.o [1]
  .text              ro code   0x800'0e44   0x44  stm32l4xx_it.o [1]
  .rodata            const     0x800'0e88   0x30  system_stm32l4xx.o [1]
  .text              ro code   0x800'0eb8   0x28  data_init.o [4]
  .text              ro code   0x800'0ee0   0x22  fpinit_M.o [3]
  .iar.init_table    const     0x800'0f04   0x14  - Linker created -
  .text              ro code   0x800'0f18   0x1e  cmain.o [4]
  .text              ro code   0x800'0f36    0x4  low_level_init.o [2]
  .text              ro code   0x800'0f3a    0x4  exit.o [2]
  .text              ro code   0x800'0f40    0xa  cexit.o [4]
  .text              ro code   0x800'0f4c   0x14  exit.o [5]
  .text              ro code   0x800'0f60   0x10  startup_stm32l412xx.o [1]
  .text              ro code   0x800'0f70    0xc  cstartup_M.o [4]
  .rodata            const     0x800'0f7c    0x8  system_stm32l4xx.o [1]
  Initializer bytes  const     0x800'0f84    0x8  <for P2-1>
  .text              ro code   0x800'0f8c    0x4  startup_stm32l412xx.o [1]
  .text              ro code   0x800'0f90    0x4  startup_stm32l412xx.o [1]
  .text              ro code   0x800'0f94    0x4  startup_stm32l412xx.o [1]
  .text              ro code   0x800'0f98    0x4  startup_stm32l412xx.o [1]
  .text              ro code   0x800'0f9c    0x4  startup_stm32l412xx.o [1]
  .text              ro code   0x800'0fa0    0x4  startup_stm32l412xx.o [1]
  .text              ro code   0x800'0fa4    0x4  startup_stm32l412xx.o [1]
  .text              ro code   0x800'0fa8    0x4  startup_stm32l412xx.o [1]
  .text              ro code   0x800'0fac    0x4  startup_stm32l412xx.o [1]
  .text              ro code   0x800'0fb0    0x4  startup_stm32l412xx.o [1]
  .text              ro code   0x800'0fb4    0x4  startup_stm32l412xx.o [1]
  .text              ro code   0x800'0fb8    0x4  startup_stm32l412xx.o [1]
  .text              ro code   0x800'0fbc    0x4  startup_stm32l412xx.o [1]
  .text              ro code   0x800'0fc0    0x4  startup_stm32l412xx.o [1]
  .text              ro code   0x800'0fc4    0x4  startup_stm32l412xx.o [1]
  .text              ro code   0x800'0fc8    0x4  startup_stm32l412xx.o [1]
  .text              ro code   0x800'0fcc    0x4  startup_stm32l412xx.o [1]
  .text              ro code   0x800'0fd0    0x4  startup_stm32l412xx.o [1]
  .text              ro code   0x800'0fd4    0x4  startup_stm32l412xx.o [1]
  .text              ro code   0x800'0fd8    0x4  startup_stm32l412xx.o [1]
  .text              ro code   0x800'0fdc    0x4  startup_stm32l412xx.o [1]
  .text              ro code   0x800'0fe0    0x4  startup_stm32l412xx.o [1]
  .text              ro code   0x800'0fe4    0x4  startup_stm32l412xx.o [1]
  .text              ro code   0x800'0fe8    0x4  startup_stm32l412xx.o [1]
  .text              ro code   0x800'0fec    0x4  startup_stm32l412xx.o [1]
  .text              ro code   0x800'0ff0    0x4  startup_stm32l412xx.o [1]
  .text              ro code   0x800'0ff4    0x4  startup_stm32l412xx.o [1]
  .text              ro code   0x800'0ff8    0x4  startup_stm32l412xx.o [1]
  .text              ro code   0x800'0ffc    0x4  startup_stm32l412xx.o [1]
  .text              ro code   0x800'1000    0x4  startup_stm32l412xx.o [1]
  .text              ro code   0x800'1004    0x4  startup_stm32l412xx.o [1]
  .text              ro code   0x800'1008    0x4  startup_stm32l412xx.o [1]
  .text              ro code   0x800'100c    0x4  startup_stm32l412xx.o [1]
  .text              ro code   0x800'1010    0x4  startup_stm32l412xx.o [1]
  .text              ro code   0x800'1014    0x4  startup_stm32l412xx.o [1]
  .text              ro code   0x800'1018    0x4  startup_stm32l412xx.o [1]
  .text              ro code   0x800'101c    0x4  startup_stm32l412xx.o [1]
  .text              ro code   0x800'1020    0x4  startup_stm32l412xx.o [1]
  .text              ro code   0x800'1024    0x4  startup_stm32l412xx.o [1]
  .text              ro code   0x800'1028    0x4  startup_stm32l412xx.o [1]
  .text              ro code   0x800'102c    0x4  startup_stm32l412xx.o [1]
  .text              ro code   0x800'1030    0x4  startup_stm32l412xx.o [1]
  .text              ro code   0x800'1034    0x4  startup_stm32l412xx.o [1]
  .text              ro code   0x800'1038    0x4  startup_stm32l412xx.o [1]
  .text              ro code   0x800'103c    0x4  startup_stm32l412xx.o [1]
  .text              ro code   0x800'1040    0x4  startup_stm32l412xx.o [1]
  .text              ro code   0x800'1044    0x4  startup_stm32l412xx.o [1]
  .text              ro code   0x800'1048    0x4  startup_stm32l412xx.o [1]
  .text              ro code   0x800'104c    0x4  startup_stm32l412xx.o [1]
  .text              ro code   0x800'1050    0x4  startup_stm32l412xx.o [1]
  .text              ro code   0x800'1054    0x4  startup_stm32l412xx.o [1]
  .text              ro code   0x800'1058    0x4  startup_stm32l412xx.o [1]
  .text              ro code   0x800'105c    0x4  startup_stm32l412xx.o [1]
  .text              ro code   0x800'1060    0x4  startup_stm32l412xx.o [1]
  .rodata            const     0x800'1064    0x0  copy_init3.o [4]
                             - 0x800'1064  0xed8

"P2", part 1 of 2:                           0x8
  P2-1                        0x2000'0000    0x8  <Init block>
    .data            inited   0x2000'0000    0x4  system_stm32l4xx.o [1]
    .data            inited   0x2000'0004    0x3  WVT_LED.o [1]
    .bss             inited   0x2000'0007    0x1  main.o [1]
                            - 0x2000'0008    0x8

"P2", part 2 of 2:                         0x400
  CSTACK                      0x2000'0008  0x400  <Block>
    CSTACK           uninit   0x2000'0008  0x400  <Block tail>
                            - 0x2000'0408  0x400

Unused ranges:

         From           To      Size
         ----           --      ----
   0x800'1064   0x801'ffff  0x1'ef9c
  0x2000'0408  0x2000'9fff    0x9bf8


*******************************************************************************
*** INIT TABLE
***

          Address      Size
          -------      ----
Copy (__iar_copy_init3)
    1 source range, total size 0x8:
           0x800'0f84   0x8
    1 destination range, total size 0x8:
          0x2000'0000   0x8



*******************************************************************************
*** MODULE SUMMARY
***

    Module                 ro code  ro data  rw data
    ------                 -------  -------  -------
command line/config:
    ------------------------------------------------
    Total:

C:\Users\dev\Documents\STM_projecti\firsttest\EWARM\led_indicator\Obj: [1]
    WVT_LED.o                  236        3        3
    gpio.o                     232
    lptim.o                    532
    main.o                     480        1        1
    startup_stm32l412xx.o      628
    stm32l4xx_it.o              68
    stm32l4xx_ll_exti.o        316
    stm32l4xx_ll_gpio.o        290
    stm32l4xx_ll_rcc.o         528
    stm32l4xx_ll_usart.o       176
    stm32l4xx_ll_utils.o        40
    system_stm32l4xx.o          92       60        4
    usart.o                    164
    ------------------------------------------------
    Total:                   3'782       64        8

dl7M_tln.a: [2]
    exit.o                       4
    low_level_init.o             4
    ------------------------------------------------
    Total:                       8

m7M_tls.a: [3]
    fpinit_M.o                  34
    ------------------------------------------------
    Total:                      34

rt7M_tl.a: [4]
    ABImemset.o                102
    cexit.o                     10
    cmain.o                     30
    copy_init3.o                46
    cstartup_M.o                12
    data_init.o                 40
    memset.o                    20
    ------------------------------------------------
    Total:                     260

shb_l.a: [5]
    exit.o                      20
    ------------------------------------------------
    Total:                      20

    Gaps                         6        2
    Linker created                       20    1'024
----------------------------------------------------
    Grand Total:             4'110       86    1'032


*******************************************************************************
*** ENTRY LIST
***

Entry                       Address   Size  Type      Object
-----                       -------   ----  ----      ------
.iar.init_table$$Base    0x800'0f04          --   Gb  - Linker created -
.iar.init_table$$Limit   0x800'0f18          --   Gb  - Linker created -
?main                    0x800'0f19         Code  Gb  cmain.o [4]
AHBPrescTable            0x800'0e34   0x10  Data  Gb  system_stm32l4xx.o [1]
APBPrescTable            0x800'0f7c    0x8  Data  Gb  system_stm32l4xx.o [1]
BusFault_Handler         0x800'0e4b    0x2  Code  Gb  stm32l4xx_it.o [1]
CSTACK$$Base            0x2000'0008          --   Gb  - Linker created -
CSTACK$$Limit           0x2000'0408          --   Gb  - Linker created -
DebugMon_Handler         0x800'0e51    0x2  Code  Gb  stm32l4xx_it.o [1]
HardFault_Handler        0x800'0e47    0x2  Code  Gb  stm32l4xx_it.o [1]
LEDModeContinuation      0x800'0b63   0x5c  Code  Gb  WVT_LED.o [1]
LEDModeExecution         0x800'0ae9   0x7a  Code  Gb  WVT_LED.o [1]
LL_AHB2_GRP1_EnableClock
                         0x800'095d   0x16  Code  Lc  gpio.o [1]
LL_EXTI_Init             0x800'0bfd  0x134  Code  Gb  stm32l4xx_ll_exti.o [1]
LL_GPIO_Init             0x800'03b5  0x108  Code  Gb  stm32l4xx_ll_gpio.o [1]
LL_Init1msTick           0x800'0bd5   0x18  Code  Gb  stm32l4xx_ll_utils.o [1]
LL_RCC_GetUSARTClockFreq
                         0x800'05b7   0xb6  Code  Gb  stm32l4xx_ll_rcc.o [1]
LL_RCC_MSI_GetRange      0x800'057b    0xc  Code  Lc  stm32l4xx_ll_rcc.o [1]
LL_RCC_MSI_GetRangeAfterStandby
                         0x800'0587    0xc  Code  Lc  stm32l4xx_ll_rcc.o [1]
LL_RCC_MSI_IsEnabledRangeSelect
                         0x800'056d    0xe  Code  Lc  stm32l4xx_ll_rcc.o [1]
LL_RCC_PLL_GetDivider    0x800'05ab    0xc  Code  Lc  stm32l4xx_ll_rcc.o [1]
LL_RCC_PLL_GetMainSource
                         0x800'0593    0xc  Code  Lc  stm32l4xx_ll_rcc.o [1]
LL_RCC_PLL_GetN          0x800'059f    0xc  Code  Lc  stm32l4xx_ll_rcc.o [1]
LL_RCC_SetLPTIMClockSource
                         0x800'077d   0x12  Code  Lc  main.o [1]
LL_SetSystemCoreClock    0x800'0bed    0x6  Code  Gb  stm32l4xx_ll_utils.o [1]
LL_USART_Init            0x800'0d39   0x9c  Code  Gb  stm32l4xx_ll_usart.o [1]
LPTIM1_IRQHandler        0x800'0e57   0x12  Code  Gb  stm32l4xx_it.o [1]
LPTIM2_IRQHandler        0x800'0e69   0x16  Code  Gb  stm32l4xx_it.o [1]
MSIRangeTable            0x800'0e88   0x30  Data  Gb  system_stm32l4xx.o [1]
MX_GPIO_Init             0x800'0973   0xb6  Code  Gb  gpio.o [1]
MX_LPTIM1_Init           0x800'01ef   0x7c  Code  Gb  lptim.o [1]
MX_LPTIM2_Init           0x800'026d   0xb2  Code  Gb  lptim.o [1]
MX_USART2_UART_Init      0x800'0a45   0xa4  Code  Gb  usart.o [1]
MemManage_Handler        0x800'0e49    0x2  Code  Gb  stm32l4xx_it.o [1]
NMI_Handler              0x800'0e45    0x2  Code  Gb  stm32l4xx_it.o [1]
NVIC_EncodePriority      0x800'01bd   0x32  Code  Lc  lptim.o [1]
PendSV_Handler           0x800'0e53    0x2  Code  Gb  stm32l4xx_it.o [1]
RCC_GetHCLKClockFreq     0x800'072d    0xc  Code  Lc  stm32l4xx_ll_rcc.o [1]
RCC_GetPCLK1ClockFreq    0x800'0739    0xa  Code  Lc  stm32l4xx_ll_rcc.o [1]
RCC_GetPCLK2ClockFreq    0x800'0749    0xc  Code  Lc  stm32l4xx_ll_rcc.o [1]
RCC_GetSystemClockFreq   0x800'066d   0xc0  Code  Lc  stm32l4xx_ll_rcc.o [1]
Region$$Table$$Base      0x800'0f04          --   Gb  - Linker created -
Region$$Table$$Limit     0x800'0f18          --   Gb  - Linker created -
SVC_Handler              0x800'0e4f    0x2  Code  Gb  stm32l4xx_it.o [1]
Set_values_REP_CMP_ARR   0x800'033b   0x38  Code  Gb  lptim.o [1]
Start_LPTIM2_Counter     0x800'031f   0x1c  Code  Gb  lptim.o [1]
SysTick_Handler          0x800'0e55    0x2  Code  Gb  stm32l4xx_it.o [1]
SystemClock_Config       0x800'0827  0x10a  Code  Gb  main.o [1]
SystemCoreClock         0x2000'0000    0x4  Data  Gb  system_stm32l4xx.o [1]
SystemInit               0x800'0de9   0x3c  Code  Gb  system_stm32l4xx.o [1]
UsageFault_Handler       0x800'0e4d    0x2  Code  Gb  stm32l4xx_it.o [1]
__NVIC_EnableIRQ         0x800'018d   0x16  Code  Lc  lptim.o [1]
__NVIC_SetPriority       0x800'01a3   0x1a  Code  Lc  lptim.o [1]
__aeabi_memset           0x800'0505         Code  Gb  ABImemset.o [4]
__cmain                  0x800'0f19         Code  Gb  cmain.o [4]
__exit                   0x800'0f4d   0x14  Code  Gb  exit.o [5]
__iar_Memset             0x800'0505         Code  Gb  ABImemset.o [4]
__iar_Memset_word        0x800'050d         Code  Gb  ABImemset.o [4]
__iar_copy_init3         0x800'04d7   0x2e  Code  Gb  copy_init3.o [4]
__iar_data_init3         0x800'0eb9   0x28  Code  Gb  data_init.o [4]
__iar_init_vfp           0x800'0ee1         Code  Gb  fpinit_M.o [3]
__iar_program_start      0x800'0f71         Code  Gb  cstartup_M.o [4]
__low_level_init         0x800'0f37    0x4  Code  Gb  low_level_init.o [2]
__vector_table           0x800'0000         Data  Gb  startup_stm32l412xx.o [1]
_call_main               0x800'0f25         Code  Gb  cmain.o [4]
_exit                    0x800'0f41         Code  Gb  cexit.o [4]
_main                    0x800'0f33         Code  Gb  cmain.o [4]
curMode                 0x2000'0007    0x1  Data  Gb  main.o [1]
cycles                  0x2000'0005    0x1  Data  Gb  WVT_LED.o [1]
exit                     0x800'0f3b    0x4  Code  Gb  exit.o [2]
flag                    0x2000'0006    0x1  Data  Gb  WVT_LED.o [1]
main                     0x800'078f   0x98  Code  Gb  main.o [1]
memset                   0x800'03a1   0x14  Code  Gb  memset.o [4]
repetition              0x2000'0004    0x1  Data  Gb  WVT_LED.o [1]


[1] = C:\Users\dev\Documents\STM_projecti\firsttest\EWARM\led_indicator\Obj
[2] = dl7M_tln.a
[3] = m7M_tls.a
[4] = rt7M_tl.a
[5] = shb_l.a

  4'110 bytes of readonly  code memory
     86 bytes of readonly  data memory
  1'032 bytes of readwrite data memory

Errors: none
Warnings: none
