###############################################################################
#
# IAR ELF Linker V8.40.1.212/W32 for ARM                  23/Sep/2020  14:10:59
# Copyright 2007-2019 IAR Systems AB.
#
#    Output file  =
#        C:\Users\dev\Documents\STM_projecti\firsttest\EWARM\firsttest\Exe\firsttest.out
#    Map file     =
#        C:\Users\dev\Documents\STM_projecti\firsttest\EWARM\firsttest\List\firsttest.map
#    Command line =
#        -f C:\Users\75BD~1\AppData\Local\Temp\EWD2B1.tmp
#        (C:\Users\dev\Documents\STM_projecti\firsttest\EWARM\firsttest\Obj\main.o
#        C:\Users\dev\Documents\STM_projecti\firsttest\EWARM\firsttest\Obj\startup_stm32l412xx.o
#        C:\Users\dev\Documents\STM_projecti\firsttest\EWARM\firsttest\Obj\stm32l4xx_hal.o
#        C:\Users\dev\Documents\STM_projecti\firsttest\EWARM\firsttest\Obj\stm32l4xx_hal_cortex.o
#        C:\Users\dev\Documents\STM_projecti\firsttest\EWARM\firsttest\Obj\stm32l4xx_hal_dma.o
#        C:\Users\dev\Documents\STM_projecti\firsttest\EWARM\firsttest\Obj\stm32l4xx_hal_dma_ex.o
#        C:\Users\dev\Documents\STM_projecti\firsttest\EWARM\firsttest\Obj\stm32l4xx_hal_exti.o
#        C:\Users\dev\Documents\STM_projecti\firsttest\EWARM\firsttest\Obj\stm32l4xx_hal_flash.o
#        C:\Users\dev\Documents\STM_projecti\firsttest\EWARM\firsttest\Obj\stm32l4xx_hal_flash_ex.o
#        C:\Users\dev\Documents\STM_projecti\firsttest\EWARM\firsttest\Obj\stm32l4xx_hal_flash_ramfunc.o
#        C:\Users\dev\Documents\STM_projecti\firsttest\EWARM\firsttest\Obj\stm32l4xx_hal_gpio.o
#        C:\Users\dev\Documents\STM_projecti\firsttest\EWARM\firsttest\Obj\stm32l4xx_hal_i2c.o
#        C:\Users\dev\Documents\STM_projecti\firsttest\EWARM\firsttest\Obj\stm32l4xx_hal_i2c_ex.o
#        C:\Users\dev\Documents\STM_projecti\firsttest\EWARM\firsttest\Obj\stm32l4xx_hal_msp.o
#        C:\Users\dev\Documents\STM_projecti\firsttest\EWARM\firsttest\Obj\stm32l4xx_hal_pwr.o
#        C:\Users\dev\Documents\STM_projecti\firsttest\EWARM\firsttest\Obj\stm32l4xx_hal_pwr_ex.o
#        C:\Users\dev\Documents\STM_projecti\firsttest\EWARM\firsttest\Obj\stm32l4xx_hal_rcc.o
#        C:\Users\dev\Documents\STM_projecti\firsttest\EWARM\firsttest\Obj\stm32l4xx_hal_rcc_ex.o
#        C:\Users\dev\Documents\STM_projecti\firsttest\EWARM\firsttest\Obj\stm32l4xx_hal_tim.o
#        C:\Users\dev\Documents\STM_projecti\firsttest\EWARM\firsttest\Obj\stm32l4xx_hal_tim_ex.o
#        C:\Users\dev\Documents\STM_projecti\firsttest\EWARM\firsttest\Obj\stm32l4xx_hal_uart.o
#        C:\Users\dev\Documents\STM_projecti\firsttest\EWARM\firsttest\Obj\stm32l4xx_hal_uart_ex.o
#        C:\Users\dev\Documents\STM_projecti\firsttest\EWARM\firsttest\Obj\stm32l4xx_it.o
#        C:\Users\dev\Documents\STM_projecti\firsttest\EWARM\firsttest\Obj\system_stm32l4xx.o
#        --redirect _Printf=_PrintfFull --redirect _Scanf=_ScanfFull
#        --no_out_extension -o
#        C:\Users\dev\Documents\STM_projecti\firsttest\EWARM\firsttest\Exe\firsttest.out
#        --map
#        C:\Users\dev\Documents\STM_projecti\firsttest\EWARM\firsttest\List\firsttest.map
#        --config
#        C:\Users\dev\Documents\STM_projecti\firsttest\EWARM/stm32l412xx_flash.icf
#        --semihosting --entry __iar_program_start --vfe --text_out locale)
#
###############################################################################

*******************************************************************************
*** RUNTIME MODEL ATTRIBUTES
***

CppFlavor       = *
__SystemLibrary = DLib
__dlib_version  = 6


*******************************************************************************
*** HEAP SELECTION
***

The basic heap was selected because no calls to memory allocation
functions were found in the application outside of system library
functions, and there are calls to deallocation functions in the
application.


*******************************************************************************
*** PLACEMENT SUMMARY
***

"A0":  place at address 0x800'0000 { ro section .intvec };
"P1":  place in [from 0x800'0000 to 0x801'ffff] { ro };
define block CSTACK with size = 1K, alignment = 8 { };
define block HEAP with size = 512, alignment = 8 { };
"P2":  place in [from 0x2000'0000 to 0x2000'9fff] {
          rw, block CSTACK, block HEAP };
initialize by copy { rw };

  Section            Kind         Address    Size  Object
  -------            ----         -------    ----  ------
"A0":                                       0x18c
  .intvec            ro code   0x800'0000   0x18c  startup_stm32l412xx.o [1]
                             - 0x800'018c   0x18c

"P1":                                      0x1dd8
  .text              ro code   0x800'018c   0x974  stm32l4xx_hal_rcc.o [1]
  .text              ro code   0x800'0b00    0x5c  stm32l4xx_hal.o [1]
  .text              ro code   0x800'0b5c     0xc  stm32l4xx_hal.o [1]
  .text              ro code   0x800'0b68    0x90  stm32l4xx_hal_pwr_ex.o [1]
  .text              ro code   0x800'0bf8   0x100  stm32l4xx_hal_cortex.o [1]
  .text              ro code   0x800'0cf8   0x522  stm32l4xx_hal_uart.o [1]
  .text              ro code   0x800'121a    0x3a  zero_init3.o [4]
  .text              ro code   0x800'1254    0xa0  stm32l4xx_hal_msp.o [1]
  .text              ro code   0x800'12f4   0x230  I64DivMod.o [4]
  .text              ro code   0x800'1524    0x14  memset.o [4]
  .text              ro code   0x800'1538   0x1e4  stm32l4xx_hal_gpio.o [1]
  .text              ro code   0x800'171c     0x2  I64DivZer.o [4]
  .text              ro code   0x800'171e    0x2e  copy_init3.o [4]
  .text              ro code   0x800'174c    0x66  ABImemset.o [4]
  .text              ro code   0x800'17b4   0x29a  main.o [1]
  .text              ro code   0x800'1a50    0x22  stm32l4xx_hal.o [1]
  .text              ro code   0x800'1a74    0x28  stm32l4xx_hal.o [1]
  .text              ro code   0x800'1a9c   0x230  stm32l4xx_hal_rcc_ex.o [1]
  .text              ro code   0x800'1ccc    0x60  system_stm32l4xx.o [1]
  .rodata            const     0x800'1d2c    0x30  system_stm32l4xx.o [1]
  .text              ro code   0x800'1d5c    0x28  data_init.o [4]
  .text              ro code   0x800'1d84    0x22  fpinit_M.o [3]
  .iar.init_table    const     0x800'1da8    0x24  - Linker created -
  .text              ro code   0x800'1dcc    0x1e  cmain.o [4]
  .text              ro code   0x800'1dea     0x4  low_level_init.o [2]
  .text              ro code   0x800'1dee     0x4  exit.o [2]
  .text              ro code   0x800'1df4     0xa  cexit.o [4]
  .text              ro code   0x800'1e00    0x14  exit.o [5]
  .text              ro code   0x800'1e14    0x18  stm32l4xx_hal.o [1]
  .text              ro code   0x800'1e2c    0x18  stm32l4xx_it.o [1]
  .rodata            const     0x800'1e44    0x10  system_stm32l4xx.o [1]
  .text              ro code   0x800'1e54    0x10  startup_stm32l412xx.o [1]
  .text              ro code   0x800'1e64     0xc  cstartup_M.o [4]
  Initializer bytes  const     0x800'1e70     0xc  <for P2-1>
  .rodata            const     0x800'1e7c     0x8  system_stm32l4xx.o [1]
  .text              ro code   0x800'1e84     0x4  startup_stm32l412xx.o [1]
  .text              ro code   0x800'1e88     0x4  startup_stm32l412xx.o [1]
  .text              ro code   0x800'1e8c     0x4  startup_stm32l412xx.o [1]
  .text              ro code   0x800'1e90     0x4  startup_stm32l412xx.o [1]
  .text              ro code   0x800'1e94     0x4  startup_stm32l412xx.o [1]
  .text              ro code   0x800'1e98     0x4  startup_stm32l412xx.o [1]
  .text              ro code   0x800'1e9c     0x4  startup_stm32l412xx.o [1]
  .text              ro code   0x800'1ea0     0x4  startup_stm32l412xx.o [1]
  .text              ro code   0x800'1ea4     0x4  startup_stm32l412xx.o [1]
  .text              ro code   0x800'1ea8     0x4  startup_stm32l412xx.o [1]
  .text              ro code   0x800'1eac     0x4  startup_stm32l412xx.o [1]
  .text              ro code   0x800'1eb0     0x4  startup_stm32l412xx.o [1]
  .text              ro code   0x800'1eb4     0x4  startup_stm32l412xx.o [1]
  .text              ro code   0x800'1eb8     0x4  startup_stm32l412xx.o [1]
  .text              ro code   0x800'1ebc     0x4  startup_stm32l412xx.o [1]
  .text              ro code   0x800'1ec0     0x4  startup_stm32l412xx.o [1]
  .text              ro code   0x800'1ec4     0x4  startup_stm32l412xx.o [1]
  .text              ro code   0x800'1ec8     0x4  startup_stm32l412xx.o [1]
  .text              ro code   0x800'1ecc     0x4  startup_stm32l412xx.o [1]
  .text              ro code   0x800'1ed0     0x4  startup_stm32l412xx.o [1]
  .text              ro code   0x800'1ed4     0x4  startup_stm32l412xx.o [1]
  .text              ro code   0x800'1ed8     0x4  startup_stm32l412xx.o [1]
  .text              ro code   0x800'1edc     0x4  startup_stm32l412xx.o [1]
  .text              ro code   0x800'1ee0     0x4  startup_stm32l412xx.o [1]
  .text              ro code   0x800'1ee4     0x4  startup_stm32l412xx.o [1]
  .text              ro code   0x800'1ee8     0x4  startup_stm32l412xx.o [1]
  .text              ro code   0x800'1eec     0x4  startup_stm32l412xx.o [1]
  .text              ro code   0x800'1ef0     0x4  startup_stm32l412xx.o [1]
  .text              ro code   0x800'1ef4     0x4  startup_stm32l412xx.o [1]
  .text              ro code   0x800'1ef8     0x4  startup_stm32l412xx.o [1]
  .text              ro code   0x800'1efc     0x4  startup_stm32l412xx.o [1]
  .text              ro code   0x800'1f00     0x4  startup_stm32l412xx.o [1]
  .text              ro code   0x800'1f04     0x4  startup_stm32l412xx.o [1]
  .text              ro code   0x800'1f08     0x4  startup_stm32l412xx.o [1]
  .text              ro code   0x800'1f0c     0x4  startup_stm32l412xx.o [1]
  .text              ro code   0x800'1f10     0x4  startup_stm32l412xx.o [1]
  .text              ro code   0x800'1f14     0x4  startup_stm32l412xx.o [1]
  .text              ro code   0x800'1f18     0x4  startup_stm32l412xx.o [1]
  .text              ro code   0x800'1f1c     0x4  startup_stm32l412xx.o [1]
  .text              ro code   0x800'1f20     0x4  startup_stm32l412xx.o [1]
  .text              ro code   0x800'1f24     0x4  startup_stm32l412xx.o [1]
  .text              ro code   0x800'1f28     0x4  startup_stm32l412xx.o [1]
  .text              ro code   0x800'1f2c     0x4  startup_stm32l412xx.o [1]
  .text              ro code   0x800'1f30     0x4  startup_stm32l412xx.o [1]
  .text              ro code   0x800'1f34     0x4  startup_stm32l412xx.o [1]
  .text              ro code   0x800'1f38     0x4  startup_stm32l412xx.o [1]
  .text              ro code   0x800'1f3c     0x4  startup_stm32l412xx.o [1]
  .text              ro code   0x800'1f40     0x4  startup_stm32l412xx.o [1]
  .text              ro code   0x800'1f44     0x4  startup_stm32l412xx.o [1]
  .text              ro code   0x800'1f48     0x4  startup_stm32l412xx.o [1]
  .text              ro code   0x800'1f4c     0x4  startup_stm32l412xx.o [1]
  .text              ro code   0x800'1f50     0x4  startup_stm32l412xx.o [1]
  .text              ro code   0x800'1f54     0x4  startup_stm32l412xx.o [1]
  .text              ro code   0x800'1f58     0x4  startup_stm32l412xx.o [1]
  .text              ro code   0x800'1f5c     0x4  startup_stm32l412xx.o [1]
  .text              ro code   0x800'1f60     0x4  startup_stm32l412xx.o [1]
  .rodata            const     0x800'1f64     0x0  zero_init3.o [4]
  .rodata            const     0x800'1f64     0x0  copy_init3.o [4]
                             - 0x800'1f64  0x1dd8

"P2", part 1 of 3:                            0xc
  P2-1                        0x2000'0000     0x9  <Init block>
    .data            inited   0x2000'0000     0x4  stm32l4xx_hal.o [1]
    .data            inited   0x2000'0004     0x4  system_stm32l4xx.o [1]
    .data            inited   0x2000'0008     0x1  stm32l4xx_hal.o [1]
                            - 0x2000'0009     0x9

"P2", part 2 of 3:                           0x84
  .bss               zero     0x2000'000c    0x80  main.o [1]
  .bss               zero     0x2000'008c     0x4  stm32l4xx_hal.o [1]
                            - 0x2000'0090    0x84

"P2", part 3 of 3:                          0x400
  CSTACK                      0x2000'0090   0x400  <Block>
    CSTACK           uninit   0x2000'0090   0x400  <Block tail>
                            - 0x2000'0490   0x400

Unused ranges:

         From           To      Size
         ----           --      ----
   0x800'1f64   0x801'ffff  0x1'e09c
  0x2000'0490  0x2000'9fff    0x9b70


*******************************************************************************
*** INIT TABLE
***

          Address      Size
          -------      ----
Zero (__iar_zero_init3)
    1 destination range, total size 0x84:
          0x2000'000c  0x84

Copy (__iar_copy_init3)
    1 source range, total size 0xc (133% of destination):
           0x800'1e70   0xc
    1 destination range, total size 0x9:
          0x2000'0000   0x9



*******************************************************************************
*** MODULE SUMMARY
***

    Module                  ro code  ro data  rw data
    ------                  -------  -------  -------
command line/config:
    -------------------------------------------------
    Total:

C:\Users\dev\Documents\STM_projecti\firsttest\EWARM\firsttest\Obj: [1]
    main.o                      666               128
    startup_stm32l412xx.o       636
    stm32l4xx_hal.o             202        5        9
    stm32l4xx_hal_cortex.o      256
    stm32l4xx_hal_gpio.o        484
    stm32l4xx_hal_msp.o         160
    stm32l4xx_hal_pwr_ex.o      144
    stm32l4xx_hal_rcc.o       2'420
    stm32l4xx_hal_rcc_ex.o      560
    stm32l4xx_hal_uart.o      1'314
    stm32l4xx_it.o               24
    system_stm32l4xx.o           96       76        4
    -------------------------------------------------
    Total:                    6'962       81      141

dl7M_tln.a: [2]
    exit.o                        4
    low_level_init.o              4
    -------------------------------------------------
    Total:                        8

m7M_tls.a: [3]
    fpinit_M.o                   34
    -------------------------------------------------
    Total:                       34

rt7M_tl.a: [4]
    ABImemset.o                 102
    I64DivMod.o                 560
    I64DivZer.o                   2
    cexit.o                      10
    cmain.o                      30
    copy_init3.o                 46
    cstartup_M.o                 12
    data_init.o                  40
    memset.o                     20
    zero_init3.o                 58
    -------------------------------------------------
    Total:                      880

shb_l.a: [5]
    exit.o                       20
    -------------------------------------------------
    Total:                       20

    Gaps                         10        2
    Linker created                        39    1'024
-----------------------------------------------------
    Grand Total:              7'914      122    1'165


*******************************************************************************
*** ENTRY LIST
***

Entry                       Address   Size  Type      Object
-----                       -------   ----  ----      ------
.iar.init_table$$Base    0x800'1da8          --   Gb  - Linker created -
.iar.init_table$$Limit   0x800'1dcc          --   Gb  - Linker created -
?main                    0x800'1dcd         Code  Gb  cmain.o [4]
AHBPrescTable            0x800'1e44   0x10  Data  Gb  system_stm32l4xx.o [1]
APBPrescTable            0x800'1e7c    0x8  Data  Gb  system_stm32l4xx.o [1]
BusFault_Handler         0x800'1e33    0x2  Code  Gb  stm32l4xx_it.o [1]
CSTACK$$Base            0x2000'0090          --   Gb  - Linker created -
CSTACK$$Limit           0x2000'0490          --   Gb  - Linker created -
DebugMon_Handler         0x800'1e39    0x2  Code  Gb  stm32l4xx_it.o [1]
Error_Handler            0x800'1a4d    0x2  Code  Gb  main.o [1]
HAL_Delay                0x800'1a75   0x28  Code  Wk  stm32l4xx_hal.o [1]
HAL_GPIO_Init            0x800'1539  0x19a  Code  Gb  stm32l4xx_hal_gpio.o [1]
HAL_GPIO_ReadPin         0x800'16d3   0x12  Code  Gb  stm32l4xx_hal_gpio.o [1]
HAL_GPIO_WritePin        0x800'16e5   0x12  Code  Gb  stm32l4xx_hal_gpio.o [1]
HAL_GetTick              0x800'0b5d    0xc  Code  Wk  stm32l4xx_hal.o [1]
HAL_IncTick              0x800'1e15   0x18  Code  Wk  stm32l4xx_hal.o [1]
HAL_Init                 0x800'1a51   0x22  Code  Gb  stm32l4xx_hal.o [1]
HAL_InitTick             0x800'0b01   0x5c  Code  Wk  stm32l4xx_hal.o [1]
HAL_MspInit              0x800'1255   0x2e  Code  Gb  stm32l4xx_hal_msp.o [1]
HAL_NVIC_SetPriority     0x800'0cb3   0x22  Code  Gb  stm32l4xx_hal_cortex.o [1]
HAL_NVIC_SetPriorityGrouping
                         0x800'0cab    0x8  Code  Gb  stm32l4xx_hal_cortex.o [1]
HAL_PWREx_ControlVoltageScaling
                         0x800'0b75   0x72  Code  Gb  stm32l4xx_hal_pwr_ex.o [1]
HAL_PWREx_GetVoltageRange
                         0x800'0b69    0xc  Code  Gb  stm32l4xx_hal_pwr_ex.o [1]
HAL_RCCEx_PeriphCLKConfig
                         0x800'1a9d  0x21a  Code  Gb  stm32l4xx_hal_rcc_ex.o [1]
HAL_RCC_ClockConfig      0x800'081f  0x14a  Code  Gb  stm32l4xx_hal_rcc.o [1]
HAL_RCC_GetHCLKFreq      0x800'0a03    0x6  Code  Gb  stm32l4xx_hal_rcc.o [1]
HAL_RCC_GetPCLK1Freq     0x800'0a09   0x1a  Code  Gb  stm32l4xx_hal_rcc.o [1]
HAL_RCC_GetPCLK2Freq     0x800'0a23   0x1a  Code  Gb  stm32l4xx_hal_rcc.o [1]
HAL_RCC_GetSysClockFreq
                         0x800'0969   0x9a  Code  Gb  stm32l4xx_hal_rcc.o [1]
HAL_RCC_OscConfig        0x800'018d  0x692  Code  Gb  stm32l4xx_hal_rcc.o [1]
HAL_SYSTICK_Config       0x800'0cd5    0x8  Code  Gb  stm32l4xx_hal_cortex.o [1]
HAL_UART_Init            0x800'0cf9   0x7a  Code  Gb  stm32l4xx_hal_uart.o [1]
HAL_UART_MspInit         0x800'1283   0x62  Code  Gb  stm32l4xx_hal_msp.o [1]
HardFault_Handler        0x800'1e2f    0x2  Code  Gb  stm32l4xx_it.o [1]
MSIRangeTable            0x800'1d2c   0x30  Data  Gb  system_stm32l4xx.o [1]
MX_GPIO_Init             0x800'1905  0x12c  Code  Lc  main.o [1]
MX_USART2_UART_Init      0x800'18c9   0x3c  Code  Lc  main.o [1]
MemManage_Handler        0x800'1e31    0x2  Code  Gb  stm32l4xx_it.o [1]
NMI_Handler              0x800'1e2d    0x2  Code  Gb  stm32l4xx_it.o [1]
NVIC_EncodePriority      0x800'0c41   0x3c  Code  Lc  stm32l4xx_hal_cortex.o [1]
PendSV_Handler           0x800'1e3b    0x2  Code  Gb  stm32l4xx_it.o [1]
RCC_SetFlashLatencyFromMSIRange
                         0x800'0a4d   0x7c  Code  Lc  stm32l4xx_hal_rcc.o [1]
Region$$Table$$Base      0x800'1da8          --   Gb  - Linker created -
Region$$Table$$Limit     0x800'1dcc          --   Gb  - Linker created -
SVC_Handler              0x800'1e37    0x2  Code  Gb  stm32l4xx_it.o [1]
SysTick_Config           0x800'0c7d   0x2e  Code  Lc  stm32l4xx_hal_cortex.o [1]
SysTick_Handler          0x800'1e3d    0x8  Code  Gb  stm32l4xx_it.o [1]
SystemClock_Config       0x800'1829   0xa0  Code  Gb  main.o [1]
SystemCoreClock         0x2000'0004    0x4  Data  Gb  system_stm32l4xx.o [1]
SystemInit               0x800'1ccd   0x42  Code  Gb  system_stm32l4xx.o [1]
UART_AdvFeatureConfig    0x800'1029   0xda  Code  Gb  stm32l4xx_hal_uart.o [1]
UART_CheckIdleState      0x800'1103   0x68  Code  Gb  stm32l4xx_hal_uart.o [1]
UART_SetConfig           0x800'0d73  0x292  Code  Gb  stm32l4xx_hal_uart.o [1]
UART_WaitOnFlagUntilTimeout
                         0x800'116b   0xb0  Code  Gb  stm32l4xx_hal_uart.o [1]
UsageFault_Handler       0x800'1e35    0x2  Code  Gb  stm32l4xx_it.o [1]
__NVIC_GetPriorityGrouping
                         0x800'0c13    0xa  Code  Lc  stm32l4xx_hal_cortex.o [1]
__NVIC_SetPriority       0x800'0c1d   0x24  Code  Lc  stm32l4xx_hal_cortex.o [1]
__NVIC_SetPriorityGrouping
                         0x800'0bf9   0x1a  Code  Lc  stm32l4xx_hal_cortex.o [1]
__aeabi_ldiv0            0x800'171d         Code  Gb  I64DivZer.o [4]
__aeabi_memset           0x800'174d         Code  Gb  ABImemset.o [4]
__aeabi_uldivmod         0x800'12f5         Code  Gb  I64DivMod.o [4]
__cmain                  0x800'1dcd         Code  Gb  cmain.o [4]
__exit                   0x800'1e01   0x14  Code  Gb  exit.o [5]
__iar_Memset             0x800'174d         Code  Gb  ABImemset.o [4]
__iar_Memset_word        0x800'1755         Code  Gb  ABImemset.o [4]
__iar_copy_init3         0x800'171f   0x2e  Code  Gb  copy_init3.o [4]
__iar_data_init3         0x800'1d5d   0x28  Code  Gb  data_init.o [4]
__iar_init_vfp           0x800'1d85         Code  Gb  fpinit_M.o [3]
__iar_program_start      0x800'1e65         Code  Gb  cstartup_M.o [4]
__iar_zero_init3         0x800'121b   0x3a  Code  Gb  zero_init3.o [4]
__low_level_init         0x800'1deb    0x4  Code  Gb  low_level_init.o [2]
__vector_table           0x800'0000         Data  Gb  startup_stm32l412xx.o [1]
_call_main               0x800'1dd9         Code  Gb  cmain.o [4]
_exit                    0x800'1df5         Code  Gb  cexit.o [4]
_main                    0x800'1de7         Code  Gb  cmain.o [4]
exit                     0x800'1def    0x4  Code  Gb  exit.o [2]
huart2                  0x2000'000c   0x80  Data  Gb  main.o [1]
main                     0x800'17b5   0x74  Code  Gb  main.o [1]
memset                   0x800'1525   0x14  Code  Gb  memset.o [4]
uwTick                  0x2000'008c    0x4  Data  Gb  stm32l4xx_hal.o [1]
uwTickFreq              0x2000'0008    0x1  Data  Gb  stm32l4xx_hal.o [1]
uwTickPrio              0x2000'0000    0x4  Data  Gb  stm32l4xx_hal.o [1]


[1] = C:\Users\dev\Documents\STM_projecti\firsttest\EWARM\firsttest\Obj
[2] = dl7M_tln.a
[3] = m7M_tls.a
[4] = rt7M_tl.a
[5] = shb_l.a

  7'914 bytes of readonly  code memory
    122 bytes of readonly  data memory
  1'165 bytes of readwrite data memory

Errors: none
Warnings: none
