###############################################################################
#
# IAR ELF Linker V8.40.1.212/W32 for ARM                  05/Oct/2020  15:48:14
# Copyright 2007-2019 IAR Systems AB.
#
#    Output file  =
#        C:\Users\dev\Documents\STM_projecti\firsttest\EWARM\firsttest\Exe\firsttest.out
#    Map file     =
#        C:\Users\dev\Documents\STM_projecti\firsttest\EWARM\firsttest\List\firsttest.map
#    Command line =
#        -f C:\Users\75BD~1\AppData\Local\Temp\EW796D.tmp
#        (C:\Users\dev\Documents\STM_projecti\firsttest\EWARM\firsttest\Obj\main.o
#        C:\Users\dev\Documents\STM_projecti\firsttest\EWARM\firsttest\Obj\startup_stm32l412xx.o
#        C:\Users\dev\Documents\STM_projecti\firsttest\EWARM\firsttest\Obj\stm32l4xx_hal.o
#        C:\Users\dev\Documents\STM_projecti\firsttest\EWARM\firsttest\Obj\stm32l4xx_hal_cortex.o
#        C:\Users\dev\Documents\STM_projecti\firsttest\EWARM\firsttest\Obj\stm32l4xx_hal_dma.o
#        C:\Users\dev\Documents\STM_projecti\firsttest\EWARM\firsttest\Obj\stm32l4xx_hal_dma_ex.o
#        C:\Users\dev\Documents\STM_projecti\firsttest\EWARM\firsttest\Obj\stm32l4xx_hal_exti.o
#        C:\Users\dev\Documents\STM_projecti\firsttest\EWARM\firsttest\Obj\stm32l4xx_hal_flash.o
#        C:\Users\dev\Documents\STM_projecti\firsttest\EWARM\firsttest\Obj\stm32l4xx_hal_flash_ex.o
#        C:\Users\dev\Documents\STM_projecti\firsttest\EWARM\firsttest\Obj\stm32l4xx_hal_flash_ramfunc.o
#        C:\Users\dev\Documents\STM_projecti\firsttest\EWARM\firsttest\Obj\stm32l4xx_hal_gpio.o
#        C:\Users\dev\Documents\STM_projecti\firsttest\EWARM\firsttest\Obj\stm32l4xx_hal_i2c.o
#        C:\Users\dev\Documents\STM_projecti\firsttest\EWARM\firsttest\Obj\stm32l4xx_hal_i2c_ex.o
#        C:\Users\dev\Documents\STM_projecti\firsttest\EWARM\firsttest\Obj\stm32l4xx_hal_msp.o
#        C:\Users\dev\Documents\STM_projecti\firsttest\EWARM\firsttest\Obj\stm32l4xx_hal_pwr.o
#        C:\Users\dev\Documents\STM_projecti\firsttest\EWARM\firsttest\Obj\stm32l4xx_hal_pwr_ex.o
#        C:\Users\dev\Documents\STM_projecti\firsttest\EWARM\firsttest\Obj\stm32l4xx_hal_rcc.o
#        C:\Users\dev\Documents\STM_projecti\firsttest\EWARM\firsttest\Obj\stm32l4xx_hal_rcc_ex.o
#        C:\Users\dev\Documents\STM_projecti\firsttest\EWARM\firsttest\Obj\stm32l4xx_hal_tim.o
#        C:\Users\dev\Documents\STM_projecti\firsttest\EWARM\firsttest\Obj\stm32l4xx_hal_tim_ex.o
#        C:\Users\dev\Documents\STM_projecti\firsttest\EWARM\firsttest\Obj\stm32l4xx_hal_uart.o
#        C:\Users\dev\Documents\STM_projecti\firsttest\EWARM\firsttest\Obj\stm32l4xx_hal_uart_ex.o
#        C:\Users\dev\Documents\STM_projecti\firsttest\EWARM\firsttest\Obj\stm32l4xx_it.o
#        C:\Users\dev\Documents\STM_projecti\firsttest\EWARM\firsttest\Obj\system_stm32l4xx.o
#        --redirect _Printf=_PrintfFull --redirect _Scanf=_ScanfFull
#        --no_out_extension -o
#        C:\Users\dev\Documents\STM_projecti\firsttest\EWARM\firsttest\Exe\firsttest.out
#        --map
#        C:\Users\dev\Documents\STM_projecti\firsttest\EWARM\firsttest\List\firsttest.map
#        --config
#        C:\Users\dev\Documents\STM_projecti\firsttest\EWARM/stm32l412xx_flash.icf
#        --semihosting --entry __iar_program_start --vfe --text_out locale)
#
###############################################################################

*******************************************************************************
*** RUNTIME MODEL ATTRIBUTES
***

CppFlavor       = *
__SystemLibrary = DLib
__dlib_version  = 6


*******************************************************************************
*** HEAP SELECTION
***

The basic heap was selected because no calls to memory allocation
functions were found in the application outside of system library
functions, and there are calls to deallocation functions in the
application.


*******************************************************************************
*** PLACEMENT SUMMARY
***

"A0":  place at address 0x800'0000 { ro section .intvec };
"P1":  place in [from 0x800'0000 to 0x801'ffff] { ro };
define block CSTACK with size = 1K, alignment = 8 { };
define block HEAP with size = 512, alignment = 8 { };
"P2":  place in [from 0x2000'0000 to 0x2000'9fff] {
          rw, block CSTACK, block HEAP };
initialize by copy { rw };

  Section            Kind         Address    Size  Object
  -------            ----         -------    ----  ------
"A0":                                       0x18c
  .intvec            ro code   0x800'0000   0x18c  startup_stm32l412xx.o [1]
                             - 0x800'018c   0x18c

"P1":                                      0x29e4
  .text              ro code   0x800'018c   0x974  stm32l4xx_hal_rcc.o [1]
  .text              ro code   0x800'0b00    0x5c  stm32l4xx_hal.o [1]
  .text              ro code   0x800'0b5c     0xc  stm32l4xx_hal.o [1]
  .text              ro code   0x800'0b68    0x90  stm32l4xx_hal_pwr_ex.o [1]
  .text              ro code   0x800'0bf8   0x12c  stm32l4xx_hal_cortex.o [1]
  .text              ro code   0x800'0d24   0x89a  stm32l4xx_hal_tim.o [1]
  .text              ro code   0x800'15be    0x3a  zero_init3.o [4]
  .text              ro code   0x800'15f8   0x174  stm32l4xx_hal_msp.o [1]
  .text              ro code   0x800'176c     0x2  stm32l4xx_hal_tim.o [1]
  .text              ro code   0x800'176e     0x2  stm32l4xx_hal_tim.o [1]
  .text              ro code   0x800'1770    0x14  memset.o [4]
  .text              ro code   0x800'1784   0x1f2  stm32l4xx_hal_gpio.o [1]
  .text              ro code   0x800'1976    0x2e  copy_init3.o [4]
  .text              ro code   0x800'19a4    0x66  ABImemset.o [4]
  .text              ro code   0x800'1a0c   0x522  stm32l4xx_hal_uart.o [1]
  .text              ro code   0x800'1f30   0x230  I64DivMod.o [4]
  .text              ro code   0x800'2160     0x2  I64DivZer.o [4]
  .text              ro code   0x800'2164   0x412  main.o [1]
  .text              ro code   0x800'2578    0x22  stm32l4xx_hal.o [1]
  .text              ro code   0x800'259c   0x230  stm32l4xx_hal_rcc_ex.o [1]
  .text              ro code   0x800'27cc   0x104  stm32l4xx_hal_tim_ex.o [1]
  .text              ro code   0x800'28d0    0x60  system_stm32l4xx.o [1]
  .rodata            const     0x800'2930    0x30  system_stm32l4xx.o [1]
  .text              ro code   0x800'2960    0x28  data_init.o [4]
  .text              ro code   0x800'2988    0x24  stm32l4xx_it.o [1]
  .text              ro code   0x800'29ac    0x18  stm32l4xx_hal.o [1]
  .text              ro code   0x800'29c4    0x22  fpinit_M.o [3]
  .iar.init_table    const     0x800'29e8    0x24  - Linker created -
  .text              ro code   0x800'2a0c    0x1e  cmain.o [4]
  .text              ro code   0x800'2a2a     0x4  low_level_init.o [2]
  .text              ro code   0x800'2a2e     0x4  exit.o [2]
  .text              ro code   0x800'2a34     0xa  cexit.o [4]
  .text              ro code   0x800'2a40    0x14  exit.o [5]
  .rodata            const     0x800'2a54    0x10  system_stm32l4xx.o [1]
  .text              ro code   0x800'2a64    0x10  startup_stm32l412xx.o [1]
  .text              ro code   0x800'2a74     0xc  cstartup_M.o [4]
  Initializer bytes  const     0x800'2a80     0xc  <for P2-1>
  .rodata            const     0x800'2a8c     0x8  system_stm32l4xx.o [1]
  .text              ro code   0x800'2a94     0x4  startup_stm32l412xx.o [1]
  .text              ro code   0x800'2a98     0x4  startup_stm32l412xx.o [1]
  .text              ro code   0x800'2a9c     0x4  startup_stm32l412xx.o [1]
  .text              ro code   0x800'2aa0     0x4  startup_stm32l412xx.o [1]
  .text              ro code   0x800'2aa4     0x4  startup_stm32l412xx.o [1]
  .text              ro code   0x800'2aa8     0x4  startup_stm32l412xx.o [1]
  .text              ro code   0x800'2aac     0x4  startup_stm32l412xx.o [1]
  .text              ro code   0x800'2ab0     0x4  startup_stm32l412xx.o [1]
  .text              ro code   0x800'2ab4     0x4  startup_stm32l412xx.o [1]
  .text              ro code   0x800'2ab8     0x4  startup_stm32l412xx.o [1]
  .text              ro code   0x800'2abc     0x4  startup_stm32l412xx.o [1]
  .text              ro code   0x800'2ac0     0x4  startup_stm32l412xx.o [1]
  .text              ro code   0x800'2ac4     0x4  startup_stm32l412xx.o [1]
  .text              ro code   0x800'2ac8     0x4  startup_stm32l412xx.o [1]
  .text              ro code   0x800'2acc     0x4  startup_stm32l412xx.o [1]
  .text              ro code   0x800'2ad0     0x4  startup_stm32l412xx.o [1]
  .text              ro code   0x800'2ad4     0x4  startup_stm32l412xx.o [1]
  .text              ro code   0x800'2ad8     0x4  startup_stm32l412xx.o [1]
  .text              ro code   0x800'2adc     0x4  startup_stm32l412xx.o [1]
  .text              ro code   0x800'2ae0     0x4  startup_stm32l412xx.o [1]
  .text              ro code   0x800'2ae4     0x4  startup_stm32l412xx.o [1]
  .text              ro code   0x800'2ae8     0x4  startup_stm32l412xx.o [1]
  .text              ro code   0x800'2aec     0x4  startup_stm32l412xx.o [1]
  .text              ro code   0x800'2af0     0x4  startup_stm32l412xx.o [1]
  .text              ro code   0x800'2af4     0x4  startup_stm32l412xx.o [1]
  .text              ro code   0x800'2af8     0x4  startup_stm32l412xx.o [1]
  .text              ro code   0x800'2afc     0x4  startup_stm32l412xx.o [1]
  .text              ro code   0x800'2b00     0x4  startup_stm32l412xx.o [1]
  .text              ro code   0x800'2b04     0x4  startup_stm32l412xx.o [1]
  .text              ro code   0x800'2b08     0x4  startup_stm32l412xx.o [1]
  .text              ro code   0x800'2b0c     0x4  startup_stm32l412xx.o [1]
  .text              ro code   0x800'2b10     0x4  startup_stm32l412xx.o [1]
  .text              ro code   0x800'2b14     0x4  startup_stm32l412xx.o [1]
  .text              ro code   0x800'2b18     0x4  startup_stm32l412xx.o [1]
  .text              ro code   0x800'2b1c     0x4  startup_stm32l412xx.o [1]
  .text              ro code   0x800'2b20     0x4  startup_stm32l412xx.o [1]
  .text              ro code   0x800'2b24     0x4  startup_stm32l412xx.o [1]
  .text              ro code   0x800'2b28     0x4  startup_stm32l412xx.o [1]
  .text              ro code   0x800'2b2c     0x4  startup_stm32l412xx.o [1]
  .text              ro code   0x800'2b30     0x4  startup_stm32l412xx.o [1]
  .text              ro code   0x800'2b34     0x4  startup_stm32l412xx.o [1]
  .text              ro code   0x800'2b38     0x4  startup_stm32l412xx.o [1]
  .text              ro code   0x800'2b3c     0x4  startup_stm32l412xx.o [1]
  .text              ro code   0x800'2b40     0x4  startup_stm32l412xx.o [1]
  .text              ro code   0x800'2b44     0x4  startup_stm32l412xx.o [1]
  .text              ro code   0x800'2b48     0x4  startup_stm32l412xx.o [1]
  .text              ro code   0x800'2b4c     0x4  startup_stm32l412xx.o [1]
  .text              ro code   0x800'2b50     0x4  startup_stm32l412xx.o [1]
  .text              ro code   0x800'2b54     0x4  startup_stm32l412xx.o [1]
  .text              ro code   0x800'2b58     0x4  startup_stm32l412xx.o [1]
  .text              ro code   0x800'2b5c     0x4  startup_stm32l412xx.o [1]
  .text              ro code   0x800'2b60     0x4  startup_stm32l412xx.o [1]
  .text              ro code   0x800'2b64     0x4  startup_stm32l412xx.o [1]
  .text              ro code   0x800'2b68     0x4  startup_stm32l412xx.o [1]
  .text              ro code   0x800'2b6c     0x4  startup_stm32l412xx.o [1]
  .rodata            const     0x800'2b70     0x0  zero_init3.o [4]
  .rodata            const     0x800'2b70     0x0  copy_init3.o [4]
                             - 0x800'2b70  0x29e4

"P2", part 1 of 3:                            0xc
  P2-1                        0x2000'0000     0x9  <Init block>
    .data            inited   0x2000'0000     0x4  stm32l4xx_hal.o [1]
    .data            inited   0x2000'0004     0x4  system_stm32l4xx.o [1]
    .data            inited   0x2000'0008     0x1  stm32l4xx_hal.o [1]
                            - 0x2000'0009     0x9

"P2", part 2 of 3:                          0x11c
  .bss               zero     0x2000'000c    0x80  main.o [1]
  .bss               zero     0x2000'008c    0x4c  main.o [1]
  .bss               zero     0x2000'00d8    0x4c  main.o [1]
  .bss               zero     0x2000'0124     0x4  stm32l4xx_hal.o [1]
                            - 0x2000'0128   0x11c

"P2", part 3 of 3:                          0x400
  CSTACK                      0x2000'0128   0x400  <Block>
    CSTACK           uninit   0x2000'0128   0x400  <Block tail>
                            - 0x2000'0528   0x400

Unused ranges:

         From           To      Size
         ----           --      ----
   0x800'2b70   0x801'ffff  0x1'd490
  0x2000'0528  0x2000'9fff    0x9ad8


*******************************************************************************
*** INIT TABLE
***

          Address      Size
          -------      ----
Zero (__iar_zero_init3)
    1 destination range, total size 0x11c:
          0x2000'000c  0x11c

Copy (__iar_copy_init3)
    1 source range, total size 0xc (133% of destination):
           0x800'2a80    0xc
    1 destination range, total size 0x9:
          0x2000'0000    0x9



*******************************************************************************
*** MODULE SUMMARY
***

    Module                  ro code  ro data  rw data
    ------                  -------  -------  -------
command line/config:
    -------------------------------------------------
    Total:

C:\Users\dev\Documents\STM_projecti\firsttest\EWARM\firsttest\Obj: [1]
    main.o                    1'042               280
    startup_stm32l412xx.o       632
    stm32l4xx_hal.o             162        5        9
    stm32l4xx_hal_cortex.o      300
    stm32l4xx_hal_gpio.o        498
    stm32l4xx_hal_msp.o         372
    stm32l4xx_hal_pwr_ex.o      144
    stm32l4xx_hal_rcc.o       2'420
    stm32l4xx_hal_rcc_ex.o      560
    stm32l4xx_hal_tim.o       2'206
    stm32l4xx_hal_tim_ex.o      260
    stm32l4xx_hal_uart.o      1'314
    stm32l4xx_it.o               36
    system_stm32l4xx.o           96       76        4
    -------------------------------------------------
    Total:                   10'042       81      293

dl7M_tln.a: [2]
    exit.o                        4
    low_level_init.o              4
    -------------------------------------------------
    Total:                        8

m7M_tls.a: [3]
    fpinit_M.o                   34
    -------------------------------------------------
    Total:                       34

rt7M_tl.a: [4]
    ABImemset.o                 102
    I64DivMod.o                 560
    I64DivZer.o                   2
    cexit.o                      10
    cmain.o                      30
    copy_init3.o                 46
    cstartup_M.o                 12
    data_init.o                  40
    memset.o                     20
    zero_init3.o                 58
    -------------------------------------------------
    Total:                      880

shb_l.a: [5]
    exit.o                       20
    -------------------------------------------------
    Total:                       20

    Gaps                         14        2
    Linker created                        39    1'024
-----------------------------------------------------
    Grand Total:             10'998      122    1'317


*******************************************************************************
*** ENTRY LIST
***

Entry                       Address   Size  Type      Object
-----                       -------   ----  ----      ------
.iar.init_table$$Base    0x800'29e8          --   Gb  - Linker created -
.iar.init_table$$Limit   0x800'2a0c          --   Gb  - Linker created -
?main                    0x800'2a0d         Code  Gb  cmain.o [4]
AHBPrescTable            0x800'2a54   0x10  Data  Gb  system_stm32l4xx.o [1]
APBPrescTable            0x800'2a8c    0x8  Data  Gb  system_stm32l4xx.o [1]
BusFault_Handler         0x800'298f    0x2  Code  Gb  stm32l4xx_it.o [1]
CSTACK$$Base            0x2000'0128          --   Gb  - Linker created -
CSTACK$$Limit           0x2000'0528          --   Gb  - Linker created -
DebugMon_Handler         0x800'2995    0x2  Code  Gb  stm32l4xx_it.o [1]
EXTI15_10_IRQHandler     0x800'29a1    0xc  Code  Gb  stm32l4xx_it.o [1]
Error_Handler            0x800'2575    0x2  Code  Gb  main.o [1]
HAL_GPIO_EXTI_IRQHandler
                         0x800'1931   0x1c  Code  Gb  stm32l4xx_hal_gpio.o [1]
HAL_GPIO_Init            0x800'1785  0x19a  Code  Gb  stm32l4xx_hal_gpio.o [1]
HAL_GPIO_WritePin        0x800'191f   0x12  Code  Gb  stm32l4xx_hal_gpio.o [1]
HAL_GetTick              0x800'0b5d    0xc  Code  Wk  stm32l4xx_hal.o [1]
HAL_IncTick              0x800'29ad   0x18  Code  Wk  stm32l4xx_hal.o [1]
HAL_Init                 0x800'2579   0x22  Code  Gb  stm32l4xx_hal.o [1]
HAL_InitTick             0x800'0b01   0x5c  Code  Wk  stm32l4xx_hal.o [1]
HAL_MspInit              0x800'15f9   0x2e  Code  Gb  stm32l4xx_hal_msp.o [1]
HAL_NVIC_EnableIRQ       0x800'0cf1    0xa  Code  Gb  stm32l4xx_hal_cortex.o [1]
HAL_NVIC_SetPriority     0x800'0ccf   0x22  Code  Gb  stm32l4xx_hal_cortex.o [1]
HAL_NVIC_SetPriorityGrouping
                         0x800'0cc7    0x8  Code  Gb  stm32l4xx_hal_cortex.o [1]
HAL_PWREx_ControlVoltageScaling
                         0x800'0b75   0x72  Code  Gb  stm32l4xx_hal_pwr_ex.o [1]
HAL_PWREx_GetVoltageRange
                         0x800'0b69    0xc  Code  Gb  stm32l4xx_hal_pwr_ex.o [1]
HAL_RCCEx_PeriphCLKConfig
                         0x800'259d  0x21a  Code  Gb  stm32l4xx_hal_rcc_ex.o [1]
HAL_RCC_ClockConfig      0x800'081f  0x14a  Code  Gb  stm32l4xx_hal_rcc.o [1]
HAL_RCC_GetHCLKFreq      0x800'0a03    0x6  Code  Gb  stm32l4xx_hal_rcc.o [1]
HAL_RCC_GetPCLK1Freq     0x800'0a09   0x1a  Code  Gb  stm32l4xx_hal_rcc.o [1]
HAL_RCC_GetPCLK2Freq     0x800'0a23   0x1a  Code  Gb  stm32l4xx_hal_rcc.o [1]
HAL_RCC_GetSysClockFreq
                         0x800'0969   0x9a  Code  Gb  stm32l4xx_hal_rcc.o [1]
HAL_RCC_OscConfig        0x800'018d  0x692  Code  Gb  stm32l4xx_hal_rcc.o [1]
HAL_SYSTICK_Config       0x800'0cfb    0x8  Code  Gb  stm32l4xx_hal_cortex.o [1]
HAL_TIMEx_ConfigBreakDeadTime
                         0x800'283f   0x8a  Code  Gb  stm32l4xx_hal_tim_ex.o [1]
HAL_TIMEx_MasterConfigSynchronization
                         0x800'27cd   0x72  Code  Gb  stm32l4xx_hal_tim_ex.o [1]
HAL_TIM_Base_Init        0x800'0d25   0x7a  Code  Gb  stm32l4xx_hal_tim.o [1]
HAL_TIM_Base_MspInit     0x800'1627   0x40  Code  Gb  stm32l4xx_hal_msp.o [1]
HAL_TIM_ConfigClockSource
                         0x800'1179   0xea  Code  Gb  stm32l4xx_hal_tim.o [1]
HAL_TIM_MspPostInit      0x800'1667   0x8a  Code  Gb  stm32l4xx_hal_msp.o [1]
HAL_TIM_OC_ConfigChannel
                         0x800'0fb9   0x6a  Code  Gb  stm32l4xx_hal_tim.o [1]
HAL_TIM_OC_Init          0x800'0d9f   0x7a  Code  Gb  stm32l4xx_hal_tim.o [1]
HAL_TIM_PWM_ConfigChannel
                         0x800'1023  0x156  Code  Gb  stm32l4xx_hal_tim.o [1]
HAL_TIM_PWM_Init         0x800'0e19   0x7a  Code  Gb  stm32l4xx_hal_tim.o [1]
HAL_TIM_PWM_Start        0x800'0e93  0x116  Code  Gb  stm32l4xx_hal_tim.o [1]
HAL_UART_Init            0x800'1a0d   0x7a  Code  Gb  stm32l4xx_hal_uart.o [1]
HAL_UART_MspInit         0x800'16f1   0x62  Code  Gb  stm32l4xx_hal_msp.o [1]
HardFault_Handler        0x800'298b    0x2  Code  Gb  stm32l4xx_it.o [1]
MSIRangeTable            0x800'2930   0x30  Data  Gb  system_stm32l4xx.o [1]
MX_GPIO_Init             0x800'2435  0x118  Code  Lc  main.o [1]
MX_TIM1_Init             0x800'2235  0x110  Code  Lc  main.o [1]
MX_TIM2_Init             0x800'2345   0xb4  Code  Lc  main.o [1]
MX_USART2_UART_Init      0x800'23f9   0x3c  Code  Lc  main.o [1]
MemManage_Handler        0x800'298d    0x2  Code  Gb  stm32l4xx_it.o [1]
NMI_Handler              0x800'2989    0x2  Code  Gb  stm32l4xx_it.o [1]
NVIC_EncodePriority      0x800'0c5d   0x3c  Code  Lc  stm32l4xx_hal_cortex.o [1]
PendSV_Handler           0x800'2997    0x2  Code  Gb  stm32l4xx_it.o [1]
RCC_SetFlashLatencyFromMSIRange
                         0x800'0a4d   0x7c  Code  Lc  stm32l4xx_hal_rcc.o [1]
Region$$Table$$Base      0x800'29e8          --   Gb  - Linker created -
Region$$Table$$Limit     0x800'2a0c          --   Gb  - Linker created -
SVC_Handler              0x800'2993    0x2  Code  Gb  stm32l4xx_it.o [1]
SysTick_Config           0x800'0c99   0x2e  Code  Lc  stm32l4xx_hal_cortex.o [1]
SysTick_Handler          0x800'2999    0x8  Code  Gb  stm32l4xx_it.o [1]
SystemClock_Config       0x800'2195   0xa0  Code  Gb  main.o [1]
SystemCoreClock         0x2000'0004    0x4  Data  Gb  system_stm32l4xx.o [1]
SystemInit               0x800'28d1   0x42  Code  Gb  system_stm32l4xx.o [1]
TIM_Base_SetConfig       0x800'1263   0x6e  Code  Gb  stm32l4xx_hal_tim.o [1]
TIM_CCxChannelCmd        0x800'1599   0x26  Code  Gb  stm32l4xx_hal_tim.o [1]
TIM_ETR_SetConfig        0x800'1583   0x16  Code  Gb  stm32l4xx_hal_tim.o [1]
TIM_ITRx_SetConfig       0x800'1573   0x10  Code  Lc  stm32l4xx_hal_tim.o [1]
TIM_OC1_SetConfig        0x800'12d1   0x76  Code  Lc  stm32l4xx_hal_tim.o [1]
TIM_OC2_SetConfig        0x800'1347   0x6e  Code  Gb  stm32l4xx_hal_tim.o [1]
TIM_OC3_SetConfig        0x800'13b5   0x6c  Code  Lc  stm32l4xx_hal_tim.o [1]
TIM_OC4_SetConfig        0x800'1421   0x52  Code  Lc  stm32l4xx_hal_tim.o [1]
TIM_OC5_SetConfig        0x800'1475   0x4c  Code  Lc  stm32l4xx_hal_tim.o [1]
TIM_OC6_SetConfig        0x800'14c1   0x4e  Code  Lc  stm32l4xx_hal_tim.o [1]
TIM_TI1_ConfigInputStage
                         0x800'1529   0x24  Code  Lc  stm32l4xx_hal_tim.o [1]
TIM_TI2_ConfigInputStage
                         0x800'154d   0x26  Code  Lc  stm32l4xx_hal_tim.o [1]
UART_AdvFeatureConfig    0x800'1d3d   0xda  Code  Gb  stm32l4xx_hal_uart.o [1]
UART_CheckIdleState      0x800'1e17   0x68  Code  Gb  stm32l4xx_hal_uart.o [1]
UART_SetConfig           0x800'1a87  0x292  Code  Gb  stm32l4xx_hal_uart.o [1]
UART_WaitOnFlagUntilTimeout
                         0x800'1e7f   0xb0  Code  Gb  stm32l4xx_hal_uart.o [1]
UsageFault_Handler       0x800'2991    0x2  Code  Gb  stm32l4xx_it.o [1]
__NVIC_EnableIRQ         0x800'0c1d   0x1c  Code  Lc  stm32l4xx_hal_cortex.o [1]
__NVIC_GetPriorityGrouping
                         0x800'0c13    0xa  Code  Lc  stm32l4xx_hal_cortex.o [1]
__NVIC_SetPriority       0x800'0c39   0x24  Code  Lc  stm32l4xx_hal_cortex.o [1]
__NVIC_SetPriorityGrouping
                         0x800'0bf9   0x1a  Code  Lc  stm32l4xx_hal_cortex.o [1]
__aeabi_ldiv0            0x800'2161         Code  Gb  I64DivZer.o [4]
__aeabi_memset           0x800'19a5         Code  Gb  ABImemset.o [4]
__aeabi_uldivmod         0x800'1f31         Code  Gb  I64DivMod.o [4]
__cmain                  0x800'2a0d         Code  Gb  cmain.o [4]
__exit                   0x800'2a41   0x14  Code  Gb  exit.o [5]
__iar_Memset             0x800'19a5         Code  Gb  ABImemset.o [4]
__iar_Memset_word        0x800'19ad         Code  Gb  ABImemset.o [4]
__iar_copy_init3         0x800'1977   0x2e  Code  Gb  copy_init3.o [4]
__iar_data_init3         0x800'2961   0x28  Code  Gb  data_init.o [4]
__iar_init_vfp           0x800'29c5         Code  Gb  fpinit_M.o [3]
__iar_program_start      0x800'2a75         Code  Gb  cstartup_M.o [4]
__iar_zero_init3         0x800'15bf   0x3a  Code  Gb  zero_init3.o [4]
__low_level_init         0x800'2a2b    0x4  Code  Gb  low_level_init.o [2]
__vector_table           0x800'0000         Data  Gb  startup_stm32l412xx.o [1]
_call_main               0x800'2a19         Code  Gb  cmain.o [4]
_exit                    0x800'2a35         Code  Gb  cexit.o [4]
_main                    0x800'2a27         Code  Gb  cmain.o [4]
exit                     0x800'2a2f    0x4  Code  Gb  exit.o [2]
htim1                   0x2000'008c   0x4c  Data  Gb  main.o [1]
htim2                   0x2000'00d8   0x4c  Data  Gb  main.o [1]
huart2                  0x2000'000c   0x80  Data  Gb  main.o [1]
main                     0x800'2165   0x30  Code  Gb  main.o [1]
memset                   0x800'1771   0x14  Code  Gb  memset.o [4]
uwTick                  0x2000'0124    0x4  Data  Gb  stm32l4xx_hal.o [1]
uwTickFreq              0x2000'0008    0x1  Data  Gb  stm32l4xx_hal.o [1]
uwTickPrio              0x2000'0000    0x4  Data  Gb  stm32l4xx_hal.o [1]


[1] = C:\Users\dev\Documents\STM_projecti\firsttest\EWARM\firsttest\Obj
[2] = dl7M_tln.a
[3] = m7M_tls.a
[4] = rt7M_tl.a
[5] = shb_l.a

  10'998 bytes of readonly  code memory
     122 bytes of readonly  data memory
   1'317 bytes of readwrite data memory

Errors: none
Warnings: none
